[    0.000000] Initializing cgroup subsys cpuset
[    0.000000] Initializing cgroup subsys cpu
[    0.000000] Initializing cgroup subsys cpuacct
[    0.000000] Linux version 4.4.0-184-generic (buildd@lgw01-amd64-060) (gcc version 5.4.0 20160609 (Ubuntu 5.4.0-6ubuntu1~16.04.12) ) #214-Ubuntu SMP Thu Jun 4 10:14:11 UTC 2020 (Ubuntu 4.4.0-184.214-generic 4.4.223)
[    0.000000] Command line: BOOT_IMAGE=/boot/vmlinuz-4.4.0-184-generic root=LABEL=cloudimg-rootfs ro console=tty1 console=ttyS0
[    0.000000] KERNEL supported cpus:
[    0.000000]   Intel GenuineIntel
[    0.000000]   AMD AuthenticAMD
[    0.000000]   Centaur CentaurHauls
[    0.000000] x86/fpu: xstate_offset[2]:  576, xstate_sizes[2]:  256
[    0.000000] x86/fpu: Supporting XSAVE feature 0x01: 'x87 floating point registers'
[    0.000000] x86/fpu: Supporting XSAVE feature 0x02: 'SSE registers'
[    0.000000] x86/fpu: Supporting XSAVE feature 0x04: 'AVX registers'
[    0.000000] x86/fpu: Enabled xstate features 0x7, context size is 832 bytes, using 'standard' format.
[    0.000000] e820: BIOS-provided physical RAM map:
[    0.000000] BIOS-e820: [mem 0x0000000000000000-0x000000000009fbff] usable
[    0.000000] BIOS-e820: [mem 0x000000000009fc00-0x000000000009ffff] reserved
[    0.000000] BIOS-e820: [mem 0x00000000000f0000-0x00000000000fffff] reserved
[    0.000000] BIOS-e820: [mem 0x0000000000100000-0x000000007ffeffff] usable
[    0.000000] BIOS-e820: [mem 0x000000007fff0000-0x000000007fffffff] ACPI data
[    0.000000] BIOS-e820: [mem 0x00000000fec00000-0x00000000fec00fff] reserved
[    0.000000] BIOS-e820: [mem 0x00000000fee00000-0x00000000fee00fff] reserved
[    0.000000] BIOS-e820: [mem 0x00000000fffc0000-0x00000000ffffffff] reserved
[    0.000000] NX (Execute Disable) protection: active
[    0.000000] SMBIOS 2.5 present.
[    0.000000] Hypervisor detected: KVM
[    0.000000] e820: last_pfn = 0x7fff0 max_arch_pfn = 0x400000000
[    0.000000] MTRR: Disabled
[    0.000000] x86/PAT: MTRRs disabled, skipping PAT initialization too.
[    0.000000] CPU MTRRs all blank - virtualized system.
[    0.000000] x86/PAT: Configuration [0-7]: WB  WT  UC- UC  WB  WT  UC- UC  
[    0.000000] found SMP MP-table at [mem 0x0009fff0-0x0009ffff] mapped at [ffff88000009fff0]
[    0.000000] Scanning 1 areas for low memory corruption
[    0.000000] RAMDISK: [mem 0x362dc000-0x37165fff]
[    0.000000] ACPI: Early table checksum verification disabled
[    0.000000] ACPI: RSDP 0x00000000000E0000 000024 (v02 VBOX  )
[    0.000000] ACPI: XSDT 0x000000007FFF0030 00003C (v01 VBOX   VBOXXSDT 00000001 ASL  00000061)
[    0.000000] ACPI: FACP 0x000000007FFF00F0 0000F4 (v04 VBOX   VBOXFACP 00000001 ASL  00000061)
[    0.000000] ACPI: DSDT 0x000000007FFF0470 0022EA (v02 VBOX   VBOXBIOS 00000002 INTL 20100528)
[    0.000000] ACPI: FACS 0x000000007FFF0200 000040
[    0.000000] ACPI: FACS 0x000000007FFF0200 000040
[    0.000000] ACPI: APIC 0x000000007FFF0240 00005C (v02 VBOX   VBOXAPIC 00000001 ASL  00000061)
[    0.000000] ACPI: SSDT 0x000000007FFF02A0 0001CC (v01 VBOX   VBOXCPUT 00000002 INTL 20100528)
[    0.000000] No NUMA configuration found
[    0.000000] Faking a node at [mem 0x0000000000000000-0x000000007ffeffff]
[    0.000000] NODE_DATA(0) allocated [mem 0x7ffeb000-0x7ffeffff]
[    0.000000] kvm-clock: Using msrs 4b564d01 and 4b564d00
[    0.000000] kvm-clock: cpu 0, msr 0:7ffe3001, primary cpu clock
[    0.000000] kvm-clock: using sched offset of 3485007062 cycles
[    0.000000] clocksource: kvm-clock: mask: 0xffffffffffffffff max_cycles: 0x1cd42e4dffb, max_idle_ns: 881590591483 ns
[    0.000000] Zone ranges:
[    0.000000]   DMA      [mem 0x0000000000001000-0x0000000000ffffff]
[    0.000000]   DMA32    [mem 0x0000000001000000-0x000000007ffeffff]
[    0.000000]   Normal   empty
[    0.000000]   Device   empty
[    0.000000] Movable zone start for each node
[    0.000000] Early memory node ranges
[    0.000000]   node   0: [mem 0x0000000000001000-0x000000000009efff]
[    0.000000]   node   0: [mem 0x0000000000100000-0x000000007ffeffff]
[    0.000000] Initmem setup node 0 [mem 0x0000000000001000-0x000000007ffeffff]
[    0.000000] ACPI: PM-Timer IO Port: 0x4008
[    0.000000] IOAPIC[0]: apic_id 2, version 32, address 0xfec00000, GSI 0-23
[    0.000000] ACPI: INT_SRC_OVR (bus 0 bus_irq 0 global_irq 2 dfl dfl)
[    0.000000] ACPI: INT_SRC_OVR (bus 0 bus_irq 9 global_irq 9 low level)
[    0.000000] Using ACPI (MADT) for SMP configuration information
[    0.000000] smpboot: Allowing 2 CPUs, 0 hotplug CPUs
[    0.000000] PM: Registered nosave memory: [mem 0x00000000-0x00000fff]
[    0.000000] PM: Registered nosave memory: [mem 0x0009f000-0x0009ffff]
[    0.000000] PM: Registered nosave memory: [mem 0x000a0000-0x000effff]
[    0.000000] PM: Registered nosave memory: [mem 0x000f0000-0x000fffff]
[    0.000000] e820: [mem 0x80000000-0xfebfffff] available for PCI devices
[    0.000000] Booting paravirtualized kernel on KVM
[    0.000000] clocksource: refined-jiffies: mask: 0xffffffff max_cycles: 0xffffffff, max_idle_ns: 7645519600211568 ns
[    0.000000] setup_percpu: NR_CPUS:512 nr_cpumask_bits:512 nr_cpu_ids:2 nr_node_ids:1
[    0.000000] PERCPU: Embedded 33 pages/cpu @ffff88007fc00000 s95448 r8192 d31528 u1048576
[    0.000000] Built 1 zonelists in Node order, mobility grouping on.  Total pages: 515960
[    0.000000] Policy zone: DMA32
[    0.000000] Kernel command line: BOOT_IMAGE=/boot/vmlinuz-4.4.0-184-generic root=LABEL=cloudimg-rootfs ro console=tty1 console=ttyS0
[    0.000000] PID hash table entries: 4096 (order: 3, 32768 bytes)
[    0.000000] Memory: 2029852K/2096696K available (8632K kernel code, 1336K rwdata, 4036K rodata, 1492K init, 1292K bss, 66844K reserved, 0K cma-reserved)
[    0.000000] SLUB: HWalign=64, Order=0-3, MinObjects=0, CPUs=2, Nodes=1
[    0.000000] Kernel/User page tables isolation: enabled
[    0.000000] Hierarchical RCU implementation.
[    0.000000] 	Build-time adjustment of leaf fanout to 64.
[    0.000000] 	RCU restricting CPUs from NR_CPUS=512 to nr_cpu_ids=2.
[    0.000000] RCU: Adjusting geometry for rcu_fanout_leaf=64, nr_cpu_ids=2
[    0.000000] NR_IRQS:33024 nr_irqs:440 16
[    0.000000] Console: colour VGA+ 80x25
[    0.000000] console [tty1] enabled
[    0.000000] console [ttyS0] enabled
[    0.000000] tsc: Detected 2112.000 MHz processor
[    0.174367] Calibrating delay loop (skipped) preset value.. 4224.00 BogoMIPS (lpj=8448000)
[    0.175738] pid_max: default: 32768 minimum: 301
[    0.176518] ACPI: Core revision 20150930
[    0.177997] ACPI: 2 ACPI AML tables successfully acquired and loaded
[    0.179207] Security Framework initialized
[    0.179917] Yama: becoming mindful.
[    0.180559] AppArmor: AppArmor initialized
[    0.185990] Dentry cache hash table entries: 262144 (order: 9, 2097152 bytes)
[    0.187148] Inode-cache hash table entries: 131072 (order: 8, 1048576 bytes)
[    0.195351] Mount-cache hash table entries: 4096 (order: 3, 32768 bytes)
[    0.196298] Mountpoint-cache hash table entries: 4096 (order: 3, 32768 bytes)
[    0.197446] Initializing cgroup subsys io
[    0.198506] Initializing cgroup subsys memory
[    0.199152] Initializing cgroup subsys devices
[    0.199970] Initializing cgroup subsys freezer
[    0.200661] Initializing cgroup subsys net_cls
[    0.201467] Initializing cgroup subsys perf_event
[    0.202578] Initializing cgroup subsys net_prio
[    0.203493] Initializing cgroup subsys hugetlb
[    0.204435] Initializing cgroup subsys pids
[    0.206566] mce: CPU supports 0 MCE banks
[    0.207227] Last level iTLB entries: 4KB 64, 2MB 8, 4MB 8
[    0.208065] Last level dTLB entries: 4KB 64, 2MB 0, 4MB 0, 1GB 4
[    0.208873] Spectre V1 : Mitigation: usercopy/swapgs barriers and __user pointer sanitization
[    0.210175] Spectre V2 : Mitigation: Full generic retpoline
[    0.210974] Spectre V2 : Spectre v2 / SpectreRSB mitigation: Filling RSB on context switch
[    0.212634] Speculative Store Bypass: Vulnerable
[    0.213616] SRBDS: Unknown: Dependent on hypervisor status
[    0.214482] MDS: Mitigation: Clear CPU buffers
[    0.217465] Freeing SMP alternatives memory: 36K
[    0.223787] ftrace: allocating 32319 entries in 127 pages
[    0.273494] smpboot: APIC(0) Converting physical 0 to logical package 0
[    0.274732] smpboot: Max logical packages: 1
[    0.275731] x2apic enabled
[    0.276524] Switched APIC routing to physical x2apic.
[    0.278495] ..TIMER: vector=0x30 apic1=0 pin1=2 apic2=-1 pin2=-1
[    0.387557] smpboot: CPU0: Intel(R) Core(TM) i7-8650U CPU @ 1.90GHz (family: 0x6, model: 0x8e, stepping: 0xa)
[    0.389656] Performance Events: unsupported p6 CPU model 142 no PMU driver, software events only.
[    0.398606] KVM setup paravirtual spinlock
[    0.402975] x86: Booting SMP configuration:
[    0.403872] .... node  #0, CPUs:      #1
[    0.404764] kvm-clock: cpu 1, msr 0:7ffe3041, secondary cpu clock
[    0.406654] mce: CPU supports 0 MCE banks
[    0.409487] x86: Booted up 1 node, 2 CPUs
[    0.410403] smpboot: Total of 2 processors activated (8448.00 BogoMIPS)
[    0.412019] devtmpfs: initialized
[    0.414250] evm: security.selinux
[    0.414841] evm: security.SMACK64
[    0.415502] evm: security.SMACK64EXEC
[    0.416119] evm: security.SMACK64TRANSMUTE
[    0.416779] evm: security.SMACK64MMAP
[    0.417556] evm: security.ima
[    0.418294] evm: security.capability
[    0.419154] clocksource: jiffies: mask: 0xffffffff max_cycles: 0xffffffff, max_idle_ns: 7645041785100000 ns
[    0.420871] futex hash table entries: 512 (order: 3, 32768 bytes)
[    0.422480] pinctrl core: initialized pinctrl subsystem
[    0.423638] RTC time:  9:23:28, date: 06/25/20
[    0.424524] NET: Registered protocol family 16
[    0.437599] cpuidle: using governor ladder
[    0.448329] cpuidle: using governor menu
[    0.449615] PCCT header not found.
[    0.451277] ACPI: bus type PCI registered
[    0.452721] acpiphp: ACPI Hot Plug PCI Controller Driver version: 0.5
[    0.454364] PCI: Using configuration type 1 for base access
[    0.471494] ACPI: Added _OSI(Module Device)
[    0.472485] ACPI: Added _OSI(Processor Device)
[    0.473519] ACPI: Added _OSI(3.0 _SCP Extensions)
[    0.474423] ACPI: Added _OSI(Processor Aggregator Device)
[    0.476096] ACPI: Executed 1 blocks of module-level executable AML code
[    0.479227] ACPI: Interpreter enabled
[    0.480029] ACPI: (supports S0 S5)
[    0.480711] ACPI: Using IOAPIC for interrupt routing
[    0.481913] PCI: Using host bridge windows from ACPI; if necessary, use "pci=nocrs" and report a bug
[    0.486669] ACPI: PCI Root Bridge [PCI0] (domain 0000 [bus 00-ff])
[    0.487732] acpi PNP0A03:00: _OSC: OS supports [ASPM ClockPM Segments MSI]
[    0.489276] acpi PNP0A03:00: _OSC: not requesting OS control; OS requires [ExtendedConfig ASPM ClockPM MSI]
[    0.490896] acpi PNP0A03:00: fail to add MMCONFIG information, can't access extended PCI configuration space under this bridge.
[    0.493436] PCI host bridge to bus 0000:00
[    0.494188] pci_bus 0000:00: root bus resource [io  0x0000-0x0cf7 window]
[    0.495383] pci_bus 0000:00: root bus resource [io  0x0d00-0xffff window]
[    0.496419] pci_bus 0000:00: root bus resource [mem 0x000a0000-0x000bffff window]
[    0.497773] pci_bus 0000:00: root bus resource [mem 0x80000000-0xfdffffff window]
[    0.499296] pci_bus 0000:00: root bus resource [bus 00-ff]
[    0.501741] pci 0000:00:01.1: legacy IDE quirk: reg 0x10: [io  0x01f0-0x01f7]
[    0.503237] pci 0000:00:01.1: legacy IDE quirk: reg 0x14: [io  0x03f6]
[    0.504473] pci 0000:00:01.1: legacy IDE quirk: reg 0x18: [io  0x0170-0x0177]
[    0.513546] pci 0000:00:01.1: legacy IDE quirk: reg 0x1c: [io  0x0376]
[    0.538991] pci 0000:00:07.0: quirk: [io  0x4000-0x403f] claimed by PIIX4 ACPI
[    0.540393] pci 0000:00:07.0: quirk: [io  0x4100-0x410f] claimed by PIIX4 SMB
[    0.554219] ACPI: PCI Interrupt Link [LNKA] (IRQs 5 9 10 *11)
[    0.556183] ACPI: PCI Interrupt Link [LNKB] (IRQs 5 9 *10 11)
[    0.557895] ACPI: PCI Interrupt Link [LNKC] (IRQs 5 *9 10 11)
[    0.559654] ACPI: PCI Interrupt Link [LNKD] (IRQs 5 9 10 *11)
[    0.560838] ACPI: Enabled 2 GPEs in block 00 to 07
[    0.562485] vgaarb: setting as boot device: PCI:0000:00:02.0
[    0.563581] vgaarb: device added: PCI:0000:00:02.0,decodes=io+mem,owns=io+mem,locks=none
[    0.565070] vgaarb: loaded
[    0.565703] vgaarb: bridge control possible 0000:00:02.0
[    0.566777] SCSI subsystem initialized
[    0.567712] ACPI: bus type USB registered
[    0.568674] usbcore: registered new interface driver usbfs
[    0.569885] usbcore: registered new interface driver hub
[    0.570948] usbcore: registered new device driver usb
[    0.572428] PCI: Using ACPI for IRQ routing
[    0.573530] NetLabel: Initializing
[    0.574182] NetLabel:  domain hash size = 128
[    0.574910] NetLabel:  protocols = UNLABELED CIPSOv4
[    0.575855] NetLabel:  unlabeled traffic allowed by default
[    0.576950] amd_nb: Cannot enumerate AMD northbridges
[    0.578071] clocksource: Switched to clocksource kvm-clock
[    0.595251] AppArmor: AppArmor Filesystem Enabled
[    0.596159] pnp: PnP ACPI init
[    0.597461] pnp: PnP ACPI: found 3 devices
[    0.615077] clocksource: acpi_pm: mask: 0xffffff max_cycles: 0xffffff, max_idle_ns: 2085701024 ns
[    0.616549] NET: Registered protocol family 2
[    0.617372] TCP established hash table entries: 16384 (order: 5, 131072 bytes)
[    0.618804] TCP bind hash table entries: 16384 (order: 6, 262144 bytes)
[    0.620247] TCP: Hash tables configured (established 16384 bind 16384)
[    0.621621] UDP hash table entries: 1024 (order: 3, 32768 bytes)
[    0.623056] UDP-Lite hash table entries: 1024 (order: 3, 32768 bytes)
[    0.624245] NET: Registered protocol family 1
[    0.625119] pci 0000:00:00.0: Limiting direct PCI/PCI transfers
[    0.626219] pci 0000:00:01.0: Activating ISA DMA hang workarounds
[    0.627460] Unpacking initramfs...
[    0.918601] Freeing initrd memory: 14888K
[    0.919587] clocksource: tsc: mask: 0xffffffffffffffff max_cycles: 0x1e71785e5dd, max_idle_ns: 440795244814 ns
[    0.921860] platform rtc_cmos: registered platform RTC device (no PNP device found)
[    0.923582] Scanning for low memory corruption every 60 seconds
[    0.925252] audit: initializing netlink subsys (disabled)
[    0.926188] audit: type=2000 audit(1593077013.866:1): initialized
[    0.927410] Initialise system trusted keyring
[    0.928732] HugeTLB registered 2 MB page size, pre-allocated 0 pages
[    0.930846] zbud: loaded
[    0.932025] VFS: Disk quotas dquot_6.6.0
[    0.932864] VFS: Dquot-cache hash table entries: 512 (order 0, 4096 bytes)
[    0.934143] squashfs: version 4.0 (2009/01/31) Phillip Lougher
[    0.935529] fuse init (API version 7.23)
[    0.936428] Key type big_key registered
[    0.937165] Allocating IMA MOK and blacklist keyrings.
[    0.941268] Key type asymmetric registered
[    0.942170] Asymmetric key parser 'x509' registered
[    0.943072] Block layer SCSI generic (bsg) driver version 0.4 loaded (major 249)
[    0.944404] io scheduler noop registered
[    0.945012] io scheduler deadline registered (default)
[    0.945842] io scheduler cfq registered
[    0.946672] pci_hotplug: PCI Hot Plug PCI Core version: 0.5
[    0.947493] pciehp: PCI Express Hot Plug Controller Driver version: 0.4
[    0.948642] ACPI: AC Adapter [AC] (on-line)
[    0.949381] input: Power Button as /devices/LNXSYSTM:00/LNXPWRBN:00/input/input0
[    0.950590] ACPI: Power Button [PWRF]
[    0.951354] input: Sleep Button as /devices/LNXSYSTM:00/LNXSLPBN:00/input/input1
[    0.952745] ACPI: Sleep Button [SLPF]
[    0.953663] GHES: HEST is not enabled!
[    0.954400] ACPI: Battery Slot [BAT0] (battery present)
[    0.955745] Serial: 8250/16550 driver, 32 ports, IRQ sharing enabled
[    0.977125] 00:02: ttyS0 at I/O 0x3f8 (irq = 4, base_baud = 115200) is a 16550A
[    0.982749] Linux agpgart interface v0.103
[    0.992627] loop: module loaded
[    0.993859] scsi host0: ata_piix
[    0.994868] scsi host1: ata_piix
[    0.995651] ata1: PATA max UDMA/33 cmd 0x1f0 ctl 0x3f6 bmdma 0xd000 irq 14
[    0.996595] ata2: PATA max UDMA/33 cmd 0x170 ctl 0x376 bmdma 0xd008 irq 15
[    0.997632] libphy: Fixed MDIO Bus: probed
[    0.998650] tun: Universal TUN/TAP device driver, 1.6
[    0.999540] tun: (C) 1999-2004 Max Krasnyansky <maxk@qualcomm.com>
[    1.000589] PPP generic driver version 2.4.2
[    1.001594] ehci_hcd: USB 2.0 'Enhanced' Host Controller (EHCI) Driver
[    1.002723] ehci-pci: EHCI PCI platform driver
[    1.003590] ehci-platform: EHCI generic platform driver
[    1.004424] ohci_hcd: USB 1.1 'Open' Host Controller (OHCI) Driver
[    1.005394] ohci-pci: OHCI PCI platform driver
[    1.006182] ohci-platform: OHCI generic platform driver
[    1.007044] uhci_hcd: USB Universal Host Controller Interface driver
[    1.008147] i8042: PNP: PS/2 Controller [PNP0303:PS2K,PNP0f03:PS2M] at 0x60,0x64 irq 1,12
[    1.009928] serio: i8042 KBD port at 0x60,0x64 irq 1
[    1.010881] serio: i8042 AUX port at 0x60,0x64 irq 12
[    1.012244] mousedev: PS/2 mouse device common for all mice
[    1.013652] input: AT Translated Set 2 keyboard as /devices/platform/i8042/serio0/input/input2
[    1.015651] rtc_cmos rtc_cmos: rtc core: registered rtc_cmos as rtc0
[    1.016611] rtc_cmos rtc_cmos: alarms up to one day, 114 bytes nvram
[    1.017523] i2c /dev entries driver
[    1.018343] device-mapper: uevent: version 1.0.3
[    1.019260] device-mapper: ioctl: 4.34.0-ioctl (2015-10-28) initialised: dm-devel@redhat.com
[    1.020754] ledtrig-cpu: registered to indicate activity on CPUs
[    1.022605] NET: Registered protocol family 10
[    1.023580] NET: Registered protocol family 17
[    1.024272] Key type dns_resolver registered
[    1.025929] registered taskstats version 1
[    1.026842] Loading compiled-in X.509 certificates
[    1.028199] Loaded X.509 cert 'Build time autogenerated kernel key: b6ae09eed57f82583ccd3c65c463e852cdd7a0b5'
[    1.029728] zswap: loaded using pool lzo/zbud
[    1.032384] Key type trusted registered
[    1.035865] Key type encrypted registered
[    1.036715] AppArmor: AppArmor sha1 policy hashing enabled
[    1.037747] ima: No TPM chip found, activating TPM-bypass!
[    1.038844] ima: Allocated hash algorithm: sha1
[    1.039781] evm: HMAC attrs: 0x1
[    1.040831]   Magic number: 8:654:374
[    1.041758] acpi LNXVIDEO:00: hash matches
[    1.042728] rtc_cmos rtc_cmos: setting system clock to 2020-06-25 09:23:29 UTC (1593077009)
[    1.044351] BIOS EDD facility v0.16 2004-Jun-25, 0 devices found
[    1.045371] EDD information not available.
[    1.157864] Freeing unused kernel memory: 1492K
[    1.160077] Write protecting the kernel read-only data: 14336k
[    1.163189] Freeing unused kernel memory: 1596K
[    1.165080] Freeing unused kernel memory: 60K
Loading, please wait...
starting version 229
[    1.181603] random: systemd-udevd: uninitialized urandom read (16 bytes read, 3 bits of entropy available)
[    1.182283] random: udevadm: uninitialized urandom read (16 bytes read, 3 bits of entropy available)
[    1.182300] random: udevadm: uninitialized urandom read (16 bytes read, 3 bits of entropy available)
[    1.187048] random: systemd-udevd: uninitialized urandom read (16 bytes read, 3 bits of entropy available)
[    1.188941] random: systemd-udevd: uninitialized urandom read (16 bytes read, 3 bits of entropy available)
[    1.189181] random: udevadm: uninitialized urandom read (16 bytes read, 3 bits of entropy available)
[    1.189215] random: udevadm: uninitialized urandom read (16 bytes read, 3 bits of entropy available)
[    1.189326] random: udevadm: uninitialized urandom read (16 bytes read, 3 bits of entropy available)
[    1.189366] random: udevadm: uninitialized urandom read (16 bytes read, 3 bits of entropy available)
[    1.189404] random: udevadm: uninitialized urandom read (16 bytes read, 3 bits of entropy available)
[    1.226437] e1000: Intel(R) PRO/1000 Network Driver - version 7.3.21-k8-NAPI
[    1.228940] e1000: Copyright (c) 1999-2006 Intel Corporation.
[    1.241425] Fusion MPT base driver 3.04.20
[    1.242374] Copyright (c) 1999-2008 LSI Corporation
[    1.256306] AVX2 version of gcm_enc/dec engaged.
[    1.257303] AES CTR mode by8 optimization enabled
[    1.263409] Fusion MPT SPI Host driver 3.04.20
[    1.447568] input: ImExPS/2 Generic Explorer Mouse as /devices/platform/i8042/serio1/input/input4
[    1.613648] e1000 0000:00:03.0 eth0: (PCI:33MHz:32-bit) 02:fd:3e:94:53:22
[    1.614919] e1000 0000:00:03.0 eth0: Intel(R) PRO/1000 Network Connection
[    1.971517] e1000 0000:00:08.0 eth1: (PCI:33MHz:32-bit) 08:00:27:07:a9:53
[    1.972856] e1000 0000:00:08.0 eth1: Intel(R) PRO/1000 Network Connection
[    1.975353] e1000 0000:00:03.0 enp0s3: renamed from eth0
[    1.976619] mptbase: ioc0: Initiating bringup
[    1.990972] e1000 0000:00:08.0 enp0s8: renamed from eth1
[    2.038885] ioc0: LSI53C1030 A0: Capabilities={Initiator}
[    2.203754] scsi host2: ioc0: LSI53C1030 A0, FwRev=00000000h, Ports=1, MaxQ=256, IRQ=20
[    2.319271] scsi 2:0:0:0: Direct-Access     VBOX     HARDDISK         1.0  PQ: 0 ANSI: 5
[    2.321458] scsi target2:0:0: Beginning Domain Validation
[    2.324965] scsi target2:0:0: Domain Validation skipping write tests
[    2.326050] scsi target2:0:0: Ending Domain Validation
[    2.327162] scsi target2:0:0: asynchronous
[    2.336922] scsi 2:0:1:0: Direct-Access     VBOX     HARDDISK         1.0  PQ: 0 ANSI: 5
[    2.338554] scsi target2:0:1: Beginning Domain Validation
[    2.340975] scsi target2:0:1: Domain Validation skipping write tests
[    2.342342] scsi target2:0:1: Ending Domain Validation
[    2.343397] scsi target2:0:1: asynchronous
[    2.350254] sd 2:0:0:0: Attached scsi generic sg0 type 0
[    2.351632] sd 2:0:1:0: Attached scsi generic sg1 type 0
[    2.351897] sd 2:0:0:0: [sda] 20971520 512-byte logical blocks: (10.7 GB/10.0 GiB)
[    2.354811] sd 2:0:1:0: [sdb] 20480 512-byte logical blocks: (10.5 MB/10.0 MiB)
[    2.356656] sd 2:0:0:0: [sda] Write Protect is off
[    2.357890] sd 2:0:0:0: [sda] Incomplete mode parameter data
[    2.359093] sd 2:0:0:0: [sda] Assuming drive cache: write through
[    2.360084] sd 2:0:1:0: [sdb] Write Protect is off
[    2.361552] sd 2:0:1:0: [sdb] Incomplete mode parameter data
[    2.362596] sd 2:0:1:0: [sdb] Assuming drive cache: write through
[    2.393001]  sda: sda1
[    2.395396] sd 2:0:0:0: [sda] Attached SCSI disk
[    2.396579] sd 2:0:1:0: [sdb] Attached SCSI disk
Begin: Loading essential drivers ... [    3.718409] md: linear personality registered for level -1
[    3.721915] md: multipath personality registered for level -4
[    3.725536] md: raid0 personality registered for level 0
[    3.729897] md: raid1 personality registered for level 1
[    3.802120] raid6: sse2x1   gen() 11088 MB/s
[    3.870169] raid6: sse2x1   xor()  8633 MB/s
[    3.938673] raid6: sse2x2   gen() 14819 MB/s
[    4.006788] raid6: sse2x2   xor() 10013 MB/s
[    4.074692] raid6: sse2x4   gen() 16463 MB/s
[    4.142680] raid6: sse2x4   xor()  6863 MB/s
[    4.210476] raid6: avx2x1   gen() 18059 MB/s
[    4.278332] raid6: avx2x2   gen() 20080 MB/s
[    4.346225] raid6: avx2x4   gen() 28384 MB/s
[    4.346990] raid6: using algorithm avx2x4 gen() 28384 MB/s
[    4.347983] raid6: using avx2x2 recovery algorithm
[    4.350600] xor: automatically using best checksumming function:
[    4.390622]    avx       : 29271.000 MB/sec
[    4.392820] async_tx: api initialized (async)
[    4.402824] md: raid6 personality registered for level 6
[    4.403877] md: raid5 personality registered for level 5
[    4.404835] md: raid4 personality registered for level 4
[    4.411298] md: raid10 personality registered for level 10
done.
Begin: Running /scripts/init-premount ... done.
Begin: Mounting root file system ... Begin: Running /scripts/local-top ... done.
Begin: Running /scripts/local-premount ... [    4.437272] Btrfs loaded
Scanning for Btrfs filesystems
done.
Warning: fsck not present, so skipping root file system
[    4.469156] EXT4-fs (sda1): mounted filesystem with ordered data mode. Opts: (null)
done.
Begin: Running /scripts/local-bottom ... done.
Begin: Running /scripts/init-bottom ... done.
[    4.549712] systemd[1]: systemd 229 running in system mode. (+PAM +AUDIT +SELINUX +IMA +APPARMOR +SMACK +SYSVINIT +UTMP +LIBCRYPTSETUP +GCRYPT +GNUTLS +ACL +XZ -LZ4 +SECCOMP +BLKID +ELFUTILS +KMOD -IDN)
[    4.552911] systemd[1]: Detected virtualization oracle.
[    4.553729] systemd[1]: Detected architecture x86-64.

Welcome to [1mUbuntu 16.04.6 LTS[0m!

[    4.557712] systemd[1]: Set hostname to <ubuntu>.
[    4.562763] systemd[1]: Initializing machine ID from random generator.
[    4.563738] systemd[1]: Installed transient /etc/machine-id file.
[    4.700721] systemd[1]: Set up automount Arbitrary Executable File Formats File System Automount Point.
[[0;32m  OK  [0m] Set up automount Arbitrary Executab...ats File System Automount Point.
[    4.704294] systemd[1]: Listening on Syslog Socket.
[[0;32m  OK  [0m] Listening on Syslog Socket.
[    4.706789] systemd[1]: Listening on udev Kernel Socket.
[[0;32m  OK  [0m] Listening on udev Kernel Socket.
[    4.709182] systemd[1]: Listening on Journal Audit Socket.
[[0;32m  OK  [0m] Listening on Journal Audit Socket.
[    4.718962] systemd[1]: Started Forward Password Requests to Wall Directory Watch.
[[0;32m  OK  [0m] Started Forward Password Requests to Wall Directory Watch.
[    4.722238] systemd[1]: Listening on /dev/initctl Compatibility Named Pipe.
[[0;32m  OK  [0m] Listening on /dev/initctl Compatibility Named Pipe.
[    4.725102] systemd[1]: Reached target User and Group Name Lookups.
[[0;32m  OK  [0m] Reached target User and Group Name Lookups.
[    4.727962] systemd[1]: Started Trigger resolvconf update for networkd DNS.
[[0;32m  OK  [0m] Started Trigger resolvconf update for networkd DNS.
[    4.730251] systemd[1]: Reached target Swap.
[[0;32m  OK  [0m] Reached target Swap.
[    4.738314] systemd[1]: Reached target System Time Synchronized.
[[0;32m  OK  [0m] Reached target System Time Synchronized.
[    4.741004] systemd[1]: Listening on Journal Socket.
[[0;32m  OK  [0m] Listening on Journal Socket.
[    4.743318] systemd[1]: Listening on LVM2 poll daemon socket.
[[0;32m  OK  [0m] Listening on LVM2 poll daemon socket.
[    4.745501] systemd[1]: Reached target Encrypted Volumes.
[[0;32m  OK  [0m] Reached target Encrypted Volumes.
[    4.748119] systemd[1]: Listening on Journal Socket (/dev/log).
[[0;32m  OK  [0m] Listening on Journal Socket (/dev/log).
[    4.758867] systemd[1]: Listening on LVM2 metadata daemon socket.
[[0;32m  OK  [0m] Listening on LVM2 metadata daemon socket.
[    4.760842] systemd[1]: Created slice User and Session Slice.
[[0;32m  OK  [0m] Created slice User and Session Slice.
[    4.762654] systemd[1]: Listening on udev Control Socket.
[[0;32m  OK  [0m] Listening on udev Control Socket.
[    4.764206] systemd[1]: Listening on Device-mapper event daemon FIFOs.
[[0;32m  OK  [0m] Listening on Device-mapper event daemon FIFOs.
[    4.766789] systemd[1]: Created slice System Slice.
[[0;32m  OK  [0m] Created slice System Slice.
[    4.769194] systemd[1]: Created slice system-serial\x2dgetty.slice.
[[0;32m  OK  [0m] Created slice system-serial\x2dgetty.slice.
[    4.791112] systemd[1]: Starting Monitoring of LVM2 mirrors, snapshots etc. using dmeventd or progress polling...
         Starting Monitoring of LVM2 mirrors... dmeventd or progress polling...
[    4.804269] systemd[1]: Mounting POSIX Message Queue File System...
         Mounting POSIX Message Queue File System...
[    4.807768] systemd[1]: Starting Create list of required static device nodes for the current kernel...
         Starting Create list of required st... nodes for the current kernel...
[    4.820222] systemd[1]: Starting Remount Root and Kernel File Systems...
         Starting Remount Root and Kernel File Systems...
[    4.823460] systemd[1]: Starting Set console keymap...

    4.824613] EXT4-fs (sda1): re-mounted. Opts: (null)
         Starting Set console keymap...
[    4.828677] systemd[1]: Mounting Debug File System...
         Mounting Debug File System...
[    4.831743] systemd[1]: Starting Nameserver information manager...
         Starting Nameserver information manager...
[    4.844780] systemd[1]: Starting Load Kernel Modules...
         Starting Load Kernel Modules...
[    4.847445] systemd[1]: Starting Uncomplicated firewall...
         Starting Uncomplicated firewall...
[    4.850897] systemd[1]: Mounting Huge Pages File System...
         Mounting Huge Pages File System...
[    4.854410] systemd[1]: Starting Journal Service...
         Starting Journal Service...
[    4.857530] systemd[1]: Reached target Slices.
[[0;32m  OK  [0m] Reached target Slices.
[    4.860865] Loading iSCSI transport class v2.0-870.
[    4.861673] systemd[1]: Mounted Debug File System.
[[0;32m  OK  [0m] Mounted Debug File System.
[    4.863966] systemd[1]: Mounted Huge Pages File System.
[[0;32m  OK  [0m] Mounted Huge Pages File System.
[    4.865800] systemd[1]: Mounted POSIX Message Queue File System.
[[0;32m  OK  [0m] Mounted POSIX Message Queue File System.
[    4.871743] iscsi: registered transport (tcp)
[    4.881261] systemd[1]: Started Create list of required static device nodes for the current kernel.
[[0;32m  OK  [0m] Started Create list of required sta...ce nodes for the current kernel.
[    4.894567] systemd[1]: Started Remount Root and Kernel File Systems.
[[0;32m  OK  [0m] Started Remount Root and Kernel File Systems.
[    4.897447] systemd[1]: Started Uncomplicated firewall.
[[0;32m  OK  [0m] Started Uncomplicated firewall.
[    4.901785] systemd[1]: Started Nameserver information manager.
[[0;32m  OK  [0m] Started Nameserver information manager.
[    4.905633] systemd[1]: Started LVM2 metadata daemon.
[[0;32m  OK  [0m] Started LVM2 metadata daemon.
[    4.909268] systemd[1]: Starting Load/Save Random Seed...
         Starting Load/Save Random Seed...
[    4.913245] systemd[1]: Starting udev Coldplug all Devices...
         Starting udev Coldplug all Devices...
[    4.916804] systemd[1]: Starting Create Static Device Nodes in /dev...
         Starting Create Static Device Nodes in /dev...
[    4.919452] systemd[1]: Started Set console keymap.
[[0;32m  OK  [0m] Started Set console keymap.
[    4.923864] systemd[1]: Started Load/Save Random Seed.
[[0;32m  OK  [0m] Started Load/Save Random Seed.
[    4.944926] systemd[1]: Started Journal Service.
[[0;32m  OK  [0m] Started Journal Service.
[    4.960948] iscsi: registered transport (iser)
         Starting Flush Journal to Persistent Storage...
[[0;32m  OK  [0m] Started Load Kernel Modules.
[[0;32m  OK  [0m] Started Create Static Device Nodes in /dev.
         Starting udev Kernel Device Manager...
         Starting Apply Kernel Variables...
         Mounting FUSE Control File System...
[[0;32m  OK  [0m] Started udev Kernel Device Manager.
[[0;32m  OK  [0m] Mounted FUSE Control File System.
[[0;32m  OK  [0m] Started udev Coldplug all Devices.
[[0;32m  OK  [0m] Started Apply Kernel Variables.
[[0;32m  OK  [0m] Started Dispatch Password Requests to Console Directory Watch.
[[0;32m  OK  [0m] Started Flush Journal to Persistent Storage.
[[0;32m  OK  [0m] Found device /dev/ttyS0.
[[0;32m  OK  [0m] Started Monitoring of LVM2 mirrors,...ng dmeventd or progress polling.
[[0;32m  OK  [0m] Reached target Local File Systems (Pre).
[[0;32m  OK  [0m] Reached target Local File Systems.
         Starting Commit a transient machine-id on disk...
         Starting Set console font and keymap...
         Starting Tell Plymouth To Write Out Runtime Data...
         Starting LSB: AppArmor initialization...
         Starting Initial cloud-init job (pre-networking)...
         Starting Create Volatile Files and Directories...
[[0;32m  OK  [0m] Started Tell Plymouth To Write Out Runtime Data.
[[0;32m  OK  [0m] Started Commit a transient machine-id on disk.
[[0;32m  OK  [0m] Started Create Volatile Files and Directories.
         Starting Update UTMP about System Boot/Shutdown...
[[0;32m  OK  [0m] Listening on Load/Save RF Kill Switch Status /dev/rfkill Watch.
[[0;32m  OK  [0m] Started Update UTMP about System Boot/Shutdown.
[[0;32m  OK  [0m] Started LSB: AppArmor initialization.
[    6.412808] cloud-init[551]: Cloud-init v. 19.4-33-gbb4131a2-0ubuntu1~16.04.1 running 'init-local' at Thu, 25 Jun 2020 09:23:34 +0000. Up 5.89 seconds.
[[0;32m  OK  [0m] Started Initial cloud-init job (pre-networking).
[[0;32m  OK  [0m] Reached target Network (Pre).
         Starting Raise network interfaces...
[[0;32m  OK  [0m] Started Set console font and keymap.
[[0;32m  OK  [0m] Created slice system-getty.slice.
[[0;32m  OK  [0m] Started Raise network interfaces.
         Starting Initial cloud-init job (metadata service crawler)...
[[0;32m  OK  [0m] Reached target Network.
[    7.290907] cloud-init[962]: Cloud-init v. 19.4-33-gbb4131a2-0ubuntu1~16.04.1 running 'init' at Thu, 25 Jun 2020 09:23:35 +0000. Up 6.88 seconds.
[    7.292340] cloud-init[962]: ci-info: ++++++++++++++++++++++++++++++++++++++Net device info+++++++++++++++++++++++++++++++++++++++
[    7.293496] cloud-init[962]: ci-info: +--------+-------+----------------------------+---------------+--------+-------------------+
[    7.294660] cloud-init[962]: ci-info: | Device |   Up  |          Address           |      Mask     | Scope  |     Hw-Address    |
[    7.295795] cloud-init[962]: ci-info: +--------+-------+----------------------------+---------------+--------+-------------------+
[    7.297216] cloud-init[962]: ci-info: | enp0s3 |  True |         10.0.2.15          | 255.255.255.0 | global | 02:fd:3e:94:53:22 |
[    7.304305] cloud-init[962]: ci-info: | enp0s3 |  True | fe80::fd:3eff:fe94:5322/64 |       .       |  link  | 02:fd:3e:94:53:22 |
[    7.305425] cloud-init[962]: ci-info: | enp0s8 | False |             .              |       .       |   .    | 08:00:27:07:a9:53 |
[    7.306491] cloud-init[962]: ci-info: |   lo   |  True |         127.0.0.1          |   255.0.0.0   |  host  |         .         |
[    7.312929] cloud-init[962]: ci-info: |   lo   |  True |          ::1/128           |       .       |  host  |         .         |
[    7.320949] cloud-init[962]: ci-info: +--------+-------+----------------------------+---------------+--------+-------------------+
[    7.328587] cloud-init[962]: ci-info: +++++++++++++++++++++++++++Route IPv4 info++++++++++++++++++++++++++++
[    7.329786] cloud-init[962]: ci-info: +-------+-------------+----------+---------------+-----------+-------+
[    7.330891] cloud-init[962]: ci-info: | Route | Destination | Gateway  |    Genmask    | Interface | Flags |
[    7.332180] cloud-init[962]: ci-info: +-------+-------------+----------+---------------+-----------+-------+
[    7.333180] cloud-init[962]: ci-info: |   0   |   0.0.0.0   | 10.0.2.2 |    0.0.0.0    |   enp0s3  |   UG  |
[    7.334405] cloud-init[962]: ci-info: |   1   |   10.0.2.0  | 0.0.0.0  | 255.255.255.0 |   enp0s3  |   U   |
[    7.335621] cloud-init[962]: ci-info: +-------+-------------+----------+---------------+-----------+-------+[[0;32m  OK  [0m] Started Initial cloud-init job (metadata service crawler).
[[0;32m  OK  [0m] Reached target Cloud-config availability.
[[0;32m  OK  [0m] Reached target System Initialization.
[[0;32m  OK  [0m] Listening on ACPID Listen Socket.
[[0;32m  OK  [0m] Started Daily apt download activities.

         Starting LXD - unix socket.
[[0;32m  OK  [0m] Listening on D-Bus System Message Bus Socket.
[[0;32m  OK  [0m] Started Message of the Day.
[[0;32m  OK  [0m] Started Daily Cleanup of Temporary Directories.
[[0;32m  OK  [0m] Started Daily apt upgrade and clean activities.
[[0;32m  OK  [0m] Reached target Timers.
         Starting Socket activation for snappy daemon.
[[0;32m  OK  [0m] Listening on UUID daemon activation socket.
[    7.353323] cloud-init[962]: ci-info: +++++++++++++++++++Route IPv6 info+++++++++++++++++++
[    7.355934] cloud-init[962]: ci-info: +-------+-------------+---------+-----------+-------+
[    7.357728] cloud-init[962]: ci-info: | Route | Destination | Gateway | Interface | Flags |
[    7.360057] cloud-init[962]: ci-info: +-------+-------------+---------+-----------+-------+
[[0;32m  OK  [0m] Started ACPI Events Check.
[[0;32m  OK  [0m] Reached target Paths.
[[0;32m  OK  [0m] Reached target Network is Online.
[    7.375147] cloud-init[962]: ci-info: |   0   |  fe80::/64  |    ::   |   enp0s3  |   U   |
         Starting iSCSI initiator daemon (iscsid)...
[[0;32m  OK  [0m] Listening on LXD - unix socket.
[[0;32m  OK  [0m] Listening on Socket activation for snappy daemon.
[[0;32m  OK  [0m] Reached target Sockets.
[[0;32m  OK  [0m] Reached target Basic System.
[    7.393114] cloud-init[962]: ci-info: |   3   |   ff00::/8  |    ::   |   enp0s3  |   U   |
[    7.404467] [[0;32m  OK  [0m] Started Regular background program processing daemon.
cloud-init[962]: ci-info: +-------+-------------+---------+-----------+-------+
[[    7.406333] cloud-init[962]: Generating public/private rsa key pair.
[    7.406466] cloud-init[962]: Your identification has been saved in /etc/ssh/ssh_host_rsa_key.
[    7.406792] cloud-init[962]: Your public key has been saved in /etc/ssh/ssh_host_rsa_key.pub.
[0;32m  OK  [0m] Started FUSE filesystem for LXC.
[    7.407282] cloud-init[962]: The key fingerprint is:
[    7.410400] cloud-init[962]: SHA256:U7gO3oVcpEPW1vkkzX75ws36lSC5RuG34mm+cxJpsvo root@ubuntu-xenial
[    7.416260] cloud-init[962]: The key's randomart image is:
[    7.416441] cloud-init[962]: +---[RSA 2048]----+
         Starting LSB: MD monitoring daemon...
[    7.416484] cloud-init[962]: |        o... +   |
[    7.424989] cloud-init[962]: |       o +o + +  |
[    7.425182] cloud-init[962]: |        +.o. =  .|
         Starting Virtualbox guest utils...
[    7.425223] cloud-init[962]: |       . *. o o..|
[    7.425299] cloud-init[962]: |      . S .=.+ +.|
[    7.427324] cloud-init[962]: |     . + +.++ = =|
[    7.432402] cloud-init[962]: |      . o ++.. +.|
         Starting LSB: Record successful boot for GRUB...
[    7.432588] cloud-init[962]: |         .o+o.. .|
[    7.433826] cloud-init[962]: |       .oEo==  ..|
[    7.434641] cloud-init[962]: +----[SHA256]-----+
[    7.435196] cloud-init[962]: Generating public/private dsa key pair.
[    7.435462] cloud-init[962]: Your identification has been saved in /etc/ssh/ssh_host_dsa_key.
[[0;32m  OK  [0m] Started D-Bus System Message Bus.
[    7.435632] cloud-init[962]: Your public key has been saved in /etc/ssh/ssh_host_dsa_key.pub.
[    7.444543] cloud-init[962]: The key fingerprint is:
[    7.445491] cloud-init[962]: SHA256:BsWdjth/dTCKb/CW/MSh1fIkfuaU6oMchItKLtwGfjI root@ubuntu-xenial
[    7.446884] cloud-init[962]: The key's randomart image is:
[    7.447812] cloud-init[962]: +---[DSA 1024]----+
[    7.456473] cloud-init[962]: |       ... .     |
[    7.457359] cloud-init[962]: |       .. o   o  |
[    7.465014] cloud-init[962]: |      .o o.. . + |
[    7.472825] cloud-init[962]: |      ..o.+.. * +|
[    7.481465] cloud-init[962]: |        S.o= B B.|
[[    7.484889] cloud-init[962]: |   . . o ...X +.=|
[    7.485188] cloud-init[962]: |  o = .   .+oo.= |
[    7.485956] cloud-init[962]: |   E *     o o. .|
[    7.486765] cloud-init[962]: |    *       ...  |
[    7.487027] cloud-init[962]: +----[SHA256]-----+
[    7.487316] cloud-init[962]: Generating public/private ecdsa key pair.
[    7.488718] cloud-init[962]: Your identification has been saved in /etc/ssh/ssh_host_ecdsa_key.
[    7.489316] cloud-init[962]: Your public key has been saved in /etc/ssh/ssh_host_ecdsa_key.pub.
[    7.489735] cloud-init[962]: The key fingerprint is:
[    7.490154] cloud-init[962]: SHA256:MXTOZ6kr6tfP77A9TyGo8H5HtTS4mcPU8GJwJZI98Os root@ubuntu-xenial
[    7.490618] cloud-init[962]: The key's randomart image is:
[    7.490889] cloud-init[962]: +---[ECDSA 256]---+
[    7.491227] cloud-init[962]: |        . .o+... |
[    7.491759] cloud-init[962]: |       . + oo*.  |
[    7.492185] cloud-init[962]: |        o o *.*  |
[    7.492474] cloud-init[962]: |         o +.=.* |
[    7.492886] cloud-init[962]: |       .S ..+oB.o|
[0;32m  OK  [0m] Started ACPI event daemon.
[    7.493103] cloud-init[962]: |        o ...B...|
[    7.493225] cloud-init[962]: |        .+. oE. .|
[    7.493665] cloud-init[962]: |       .o..o =.. |
[    7.493860] cloud-init[962]: |     .o. ...=o+o.|
[    7.501216] cloud-init[962]: +----[SHA256]-----+
[    7.502619] cloud-init[962]: Generating public/private ed25519 key pair.
         Starting Login Service...[    7.502881] 
cloud-init[962]: Your identification has been saved in /etc/ssh/ssh_host_ed25519_key.
[    7.502928] cloud-init[962]: Your public key has been saved in /etc/ssh/ssh_host_ed25519_key.pub.
[    7.503280] cloud-init[962]: The key fingerprint is:
[    7.503725] cloud-init[962]: SHA256:BoQh4PKtgry+8UMzZxGeTsYMQC4LXPorTFpoMVMwlQ8 root@ubuntu-xenial
[    7.503983] cloud-init[962]: The key's randomart image is:
[    7.504179] cloud-init[962]: +--[ED25519 256]--+
[    7.504606] cloud-init[962]: |o*=+oo.          |
[    7.504975] cloud-init[962]: |+ =E.o           |
[    7.505468] cloud-init[962]: |+O  B +          |
[    7.505784] cloud-init[962]: |++=. X .         |
[    7.505820] cloud-init[962]: |ooo.= . S        |
[    7.506091] cloud-init[962]: |B. =.+ .         |
[    7.506353] cloud-init[962]: |+=o.=            |
[    7.506614] cloud-init[962]: | .=.             |
[    7.507010] cloud-init[962]: |.+...            |
[    7.507109] cloud-init[962]: +----[SHA256]-----+
         Starting System Logging Service...
[[0;32m  OK  [0m] Started Deferred execution scheduler.
         Starting Snappy daemon...
         Starting Pollinate to seed the pseudo random number generator...
         Starting /etc/rc.local Compatibility...
         Starting Accounts Service...
         Starting LXD - container startup/shutdown...
[[0;32m  OK  [0m] Started /etc/rc.local Compatibility.
[[0;32m  OK  [0m] Started System Logging Service.
[[0;32m  OK  [0m] Started Login Service.
[[0;32m  OK  [0m] Started Unattended Upgrades Shutdown.
[[0;32m  OK  [0m] Started iSCSI initiator daemon (iscsid).
         Starting Login to default iSCSI targets...
[[0;32m  OK  [0m] Started LSB: MD monitoring daemon.
[[0;32m  OK  [0m] Started Login to default iSCSI targets.
[[0;32m  OK  [0m] Reached target Remote File Systems (Pre).
[[0;32m  OK  [0m] Reached target Remote File Systems.
         Starting LSB: Set the CPU Frequency Scaling governor to "ondemand"...
         Starting LSB: daemon to balance interrupts for SMP systems...
         Starting Permit User Sessions...
         Starting LSB: automatic crash report generation...
[[0;32m  OK  [0m] Started LSB: Record successful boot for GRUB.
[[0;32m  OK  [0m] Started Permit User Sessions.
         Starting Hold until boot process finishes up...
         Starting Terminate Plymouth Boot Screen...
[[0;32m  OK  [0m] Started Hold until boot process finishes up.
[[0;32m  OK  [0m] Started Getty on tty1.
[[0;32m  OK  [0m] Started Serial Getty on ttyS0.
[[0;32m  OK  [0m] Reached target Login Prompts.
         Starting Set console scheme...
         Starting Authenticate and Authorize Users to Run Privileged Tasks...
[[0;32m  OK  [0m] Started LSB: Set the CPU Frequency Scaling governor to "ondemand".
[[0;32m  OK  [0m] Started Terminate Plymouth Boot Screen.
[[0;32m  OK  [0m] Started Set console scheme.
[[0;32m  OK  [0m] Started LSB: daemon to balance interrupts for SMP systems.
[[0;32m  OK  [0m] Started LSB: automatic crash report generation.
[[0;32m  OK  [0m] Started Authenticate and Authorize Users to Run Privileged Tasks.
[[0;32m  OK  [0m] Started Accounts Service.
[[0;32m  OK  [0m] Started Virtualbox guest utils.
[[0;32m  OK  [0m] Started LXD - container startup/shutdown.
[[0;32m  OK  [0m] Started Snappy daemon.
         Starting Wait until snapd is fully seeded...
[[0;32m  OK  [0m] Started Pollinate to seed the pseudo random number generator.
         Starting OpenBSD Secure Shell server...
[[0;32m  OK  [0m] Started OpenBSD Secure Shell server.
[[0;32m  OK  [0m] Started Wait until snapd is fully seeded.
         Starting Apply the settings specified in cloud-config...
[[0;32m  OK  [0m] Reached target Multi-User System.
[[0;32m  OK  [0m] Reached target Graphical Interface.
         Starting Update UTMP about System Runlevel Changes...
[[0;32m  OK  [0m] Started Update UTMP about System Runlevel Changes.
[   10.645076] cloud-init[1313]: Generating locales (this might take a while)...
[   11.675459] cloud-init[1313]:   en_US.UTF-8... done
[   11.684986] cloud-init[1313]: Generation complete.
[   11.935686] cloud-init[1313]: Cloud-init v. 19.4-33-gbb4131a2-0ubuntu1~16.04.1 running 'modules:config' at Thu, 25 Jun 2020 09:23:39 +0000. Up 10.56 seconds.
[[0;32m  OK  [0m] Started Apply the settings specified in cloud-config.
         Starting Execute cloud user/final scripts...
[[0;32m  OK  [0m] Created slice User Slice of vagrant.
         Starting User Manager for UID 1000...
[[0;32m  OK  [0m] Started Session 1 of user vagrant.
[[0;32m  OK  [0m] Started User Manager for UID 1000.
ci-info: no authorized SSH keys fingerprints found for user ubuntu.
<14>Jun 25 09:23:41 ec2: 
<14>Jun 25 09:23:41 ec2: #############################################################
<14>Jun 25 09:23:41 ec2: -----BEGIN SSH HOST KEY FINGERPRINTS-----
<14>Jun 25 09:23:41 ec2: 1024 SHA256:BsWdjth/dTCKb/CW/MSh1fIkfuaU6oMchItKLtwGfjI root@ubuntu-xenial (DSA)
<14>Jun 25 09:23:41 ec2: 256 SHA256:MXTOZ6kr6tfP77A9TyGo8H5HtTS4mcPU8GJwJZI98Os root@ubuntu-xenial (ECDSA)
<14>Jun 25 09:23:41 ec2: 256 SHA256:BoQh4PKtgry+8UMzZxGeTsYMQC4LXPorTFpoMVMwlQ8 root@ubuntu-xenial (ED25519)
<14>Jun 25 09:23:41 ec2: 2048 SHA256:U7gO3oVcpEPW1vkkzX75ws36lSC5RuG34mm+cxJpsvo root@ubuntu-xenial (RSA)
<14>Jun 25 09:23:41 ec2: -----END SSH HOST KEY FINGERPRINTS-----
<14>Jun 25 09:23:41 ec2: #############################################################
-----BEGIN SSH HOST KEY KEYS-----
ecdsa-sha2-nistp256 AAAAE2VjZHNhLXNoYTItbmlzdHAyNTYAAAAIbmlzdHAyNTYAAABBBIqI8064u6pcX2QcUIYUrL0rWC1bS63UG4qHXv4tEbXvXSznCw/9zTr+qUkWYCXV7ypGeemO5a6qHX4t9kQpABU= root@ubuntu-xenial
ssh-ed25519 AAAAC3NzaC1lZDI1NTE5AAAAIHQ6uAZ1QP5ujFkUabTUnxm+Uftm7wpy9tKYh6ZhXRDl root@ubuntu-xenial
ssh-rsa AAAAB3NzaC1yc2EAAAADAQABAAABAQCuSn8DdzupOlwtFh4K0B/jeN61FQ7gx7Wz+hE0QmKxN0JCD0hEonURAxmE9baOMeUlD0t+RCFiKQ+hNfq7IBTNQsFRZRaqtNOiMP7Kh7eGuXi7irJy5j8pkYP3ppNcZ8MaRjp0sZcXKA//vWGSZn/dIJ7fnkeKeZEb0nVDDutZA++946QleiBhFK5n0QuG4U0V6ZqsDUP2pHKa96Kz7IdfFIYlxATFQOA5oE4lppsaLN1cK2F1XNHi9rlE8f38/sD6/BMi9oCQ7QxVPAGjqjToj9Z8bQcn9D5RN9XR+gssIVoVJA8CoM0Ips3VgCgcDfiDEOwRAjyhztUk81KzVkMd root@ubuntu-xenial
-----END SSH HOST KEY KEYS-----
[   12.403671] cloud-init[1354]: Cloud-init v. 19.4-33-gbb4131a2-0ubuntu1~16.04.1 running 'modules:final' at Thu, 25 Jun 2020 09:23:40 +0000. Up 12.24 seconds.
[   12.405332] cloud-init[1354]: ci-info: no authorized SSH keys fingerprints found for user ubuntu.
[   12.412463] cloud-init[1354]: Cloud-init v. 19.4-33-gbb4131a2-0ubuntu1~16.04.1 finished at Thu, 25 Jun 2020 09:23:41 +0000. Datasource DataSourceNoCloud [seed=/dev/sdb][dsmode=net].  Up 12.39 seconds
[[0;32m  OK  [0m] Started Execute cloud user/final scripts.
[[0;32m  OK  [0m] Reached target Cloud-init target.

Ubuntu 16.04.6 LTS ubuntu-xenial ttyS0

ubuntu-xenial login: [[0;32m  OK  [0m] Stopped target Timers.
         Stopping Session 3 of user vagrant.
         Stopping Authenticate and Authorize Users to Run Privileged Tasks...
[[0;32m  OK  [0m] Stopped Daily apt upgrade and clean activities.
[[0;32m  OK  [0m] Stopped Daily apt download activities.
[[0;32m  OK  [0m] Stopped target Graphical Interface.
         Stopping Session 1 of user vagrant.
[[0;32m  OK  [0m] Stopped Message of the Day.
[[0;32m  OK  [0m] Stopped target System Time Synchronized.
[[0;32m  OK  [0m] Stopped Daily Cleanup of Temporary Directories.
[[0;32m  OK  [0m] Stopped target Cloud-init target.
[[0;32m  OK  [0m] Stopped Execute cloud user/final scripts.
[[0;32m  OK  [0m] Stopped target Multi-User System.
         Stopping LSB: automatic crash report generation...
         Stopping D-Bus System Message Bus...
         Stopping LSB: Record successful boot for GRUB...
         Stopping Virtualbox guest utils...
         Stopping Docker Application Container Engine...
[[0;32m  OK  [0m] Stopped target Login Prompts.
         Stopping Getty on tty1...
         Stopping System Logging Service...
         Stopping LSB: Set up cgroupfs mounts....
         Stopping Ubuntu FAN network setup...
         Stopping LXD - container startup/shutdown...
         Stopping OpenBSD Secure Shell server...
         Stopping Deferred execution scheduler...
         Stopping LSB: Set the CPU Frequency Scaling governor to "ondemand"...
         Stopping FUSE filesystem for LXC...
         Stopping LSB: daemon to balance interrupts for SMP systems...
         Stopping Regular background program processing daemon...
[[0;32m  OK  [0m] Stopped Apply the settings specified in cloud-config.
[[0;32m  OK  [0m] Stopped target Cloud-config availability.
[[0;32m  OK  [0m] Stopped Wait until snapd is fully seeded.
         Stopping ACPI event daemon...
[[0;32m  OK  [0m] Closed Load/Save RF Kill Switch Status /dev/rfkill Watch.
         Stopping LSB: MD monitoring daemon...
         Stopping Accounts Service...
         Stopping Serial Getty on ttyS0...
         Stopping User Manager for UID 1000...
[[0;32m  OK  [0m] Unmounted /var/lib/lxcfs.
[[0;32m  OK  [0m] Stopped Regular background program processing daemon.
[[0;32m  OK  [0m] Stopped System Logging Service.
[[0;32m  OK  [0m] Stopped Deferred execution scheduler.
[[0;32m  OK  [0m] Stopped Accounts Service.
[[0;32m  OK  [0m] Stopped Getty on tty1.
[[0;32m  OK  [0m] Stopped Serial Getty on ttyS0.
[[0;32m  OK  [0m] Stopped Authenticate and Authorize Users to Run Privileged Tasks.
[[0;32m  OK  [0m] Stopped OpenBSD Secure Shell server.
[[0;32m  OK  [0m] Stopped User Manager for UID 1000.
[[0;32m  OK  [0m] Stopped Session 1 of user vagrant.
[[0;32m  OK  [0m] Stopped Session 3 of user vagrant.
[[0;32m  OK  [0m] Stopped D-Bus System Message Bus.
[[0;32m  OK  [0m] Stopped LSB: Set up cgroupfs mounts..
[[0;32m  OK  [0m] Stopped Ubuntu FAN network setup.
[[0;32m  OK  [0m] Stopped FUSE filesystem for LXC.
[[0;32m  OK  [0m] Stopped ACPI event daemon.
[[0;32m  OK  [0m] Stopped LXD - container startup/shutdown.
[[0;32m  OK  [0m] Stopped LSB: Set the CPU Frequency Scaling governor to "ondemand".
[[0;32m  OK  [0m] Stopped LSB: Record successful boot for GRUB.
[[0;32m  OK  [0m] Removed slice User Slice of vagrant.
         Stopping Login Service...
[[0;32m  OK  [0m] Removed slice system-serial\x2dgetty.slice.
[[0;32m  OK  [0m] Removed slice system-getty.slice.
         Stopping Permit User Sessions...
[[0;32m  OK  [0m] Stopped /etc/rc.local Compatibility.
[[0;32m  OK  [0m] Stopped LSB: automatic crash report generation.
[[0;32m  OK  [0m] Stopped Virtualbox guest utils.
[[0;32m  OK  [0m] Stopped LSB: daemon to balance interrupts for SMP systems.
[[0;32m  OK  [0m] Stopped LSB: MD monitoring daemon.
[[0;32m  OK  [0m] Stopped Permit User Sessions.
[[0;32m  OK  [0m] Stopped target Remote File Systems.
[[0;32m  OK  [0m] Stopped target Remote File Systems (Pre).
         Stopping Login to default iSCSI targets...
[[0;32m  OK  [0m] Stopped Login Service.
[[0;32m  OK  [0m] Stopped target User and Group Name Lookups.
[[0;32m  OK  [0m] Stopped Login to default iSCSI targets.
         Stopping iSCSI initiator daemon (iscsid)...
[[0;32m  OK  [0m] Stopped iSCSI initiator daemon (iscsid).
[[0;32m  OK  [0m] Unmounted /run/docker/netns/086399fe0646.
[[0;32m  OK  [0m] Unmounted /var/lib/docker/container...b8b0c8724b878246e10b/mounts/shm.
[[0;32m  OK  [0m] Unmounted /var/lib/docker/overlay2/...e1e617048a47e451bfb99219/merged.
[[0;32m  OK  [0m] Unmounted /run/docker/netns/1af26cfbdf0f.
[[0;32m  OK  [0m] Unmounted /var/lib/docker/container...eb4434e730bc91e15d2b/mounts/shm.
[[0;32m  OK  [0m] Unmounted /var/lib/docker/overlay2/...00816ad80457bc9623ea550b/merged.
[[0;32m  OK  [0m] Stopped Docker Application Container Engine.
[[0;32m  OK  [0m] Stopped target Network is Online.
         Stopping containerd container runtime...
[[0;32m  OK  [0m] Stopped containerd container runtime.
[[0;32m  OK  [0m] Stopped target Basic System.
[[0;32m  OK  [0m] Stopped target Paths.
[[0;32m  OK  [0m] Stopped Dispatch Password Requests to Console Directory Watch.
[[0;32m  OK  [0m] Stopped Forward Password Requests to Wall Directory Watch.
[[0;32m  OK  [0m] Stopped ACPI Events Check.
[[0;32m  OK  [0m] Stopped target Sockets.
[[0;32m  OK  [0m] Closed ACPID Listen Socket.
[[0;32m  OK  [0m] Closed Syslog Socket.
[[0;32m  OK  [0m] Closed LXD - unix socket.
[[0;32m  OK  [0m] Closed UUID daemon activation socket.
[[0;32m  OK  [0m] Closed Docker Socket for the API.
[[0;32m  OK  [0m] Closed Socket activation for snappy daemon.
[[0;32m  OK  [0m] Closed D-Bus System Message Bus Socket.
[[0;32m  OK  [0m] Stopped target Slices.
[[0;32m  OK  [0m] Removed slice User and Session Slice.
[[0;32m  OK  [0m] Stopped target System Initialization.
[[0;32m  OK  [0m] Stopped Initial cloud-init job (metadata service crawler).
         Stopping Load/Save Random Seed...
[[0;32m  OK  [0m] Stopped Commit a transient machine-id on disk.
[[0;32m  OK  [0m] Stopped target Swap.
[[0;32m  OK  [0m] Stopped target Encrypted Volumes.
         Stopping Update UTMP about System Boot/Shutdown...
[[0;32m  OK  [0m] Stopped target Network.
         Stopping Raise network interfaces...
[[0;32m  OK  [0m] Stopped Load/Save Random Seed.
[[0;32m  OK  [0m] Stopped Update UTMP about System Boot/Shutdown.
[[0;32m  OK  [0m] Stopped Create Volatile Files and Directories.
[[0;32m  OK  [0m] Stopped Raise network interfaces.
[[0;32m  OK  [0m] Stopped Apply Kernel Variables.
[[0;32m  OK  [0m] Stopped target Local File Systems.
         Unmounting /run/user/1000...
         Unmounting /vagrant...
[[0;32m  OK  [0m] Stopped Load Kernel Modules.
[[0;32m  OK  [0m] Stopped target Network (Pre).
[[0;32m  OK  [0m] Stopped Initial cloud-init job (pre-networking).
[[0;32m  OK  [0m] Unmounted /run/user/1000.
[[0;32m  OK  [0m] Unmounted /vagrant.
[[0;32m  OK  [0m] Reached target Unmount All Filesystems.
[[0;32m  OK  [0m] Stopped target Local File Systems (Pre).
[[0;32m  OK  [0m] Stopped Create Static Device Nodes in /dev.
[[0;32m  OK  [0m] Stopped Remount Root and Kernel File Systems.
[[0;32m  OK  [0m] Reached target Shutdown.
[ 1747.681431] reboot: Power down
