[    0.000000] Initializing cgroup subsys cpuset
[    0.000000] Initializing cgroup subsys cpu
[    0.000000] Initializing cgroup subsys cpuacct
[    0.000000] Linux version 4.4.0-184-generic (buildd@lgw01-amd64-060) (gcc version 5.4.0 20160609 (Ubuntu 5.4.0-6ubuntu1~16.04.12) ) #214-Ubuntu SMP Thu Jun 4 10:14:11 UTC 2020 (Ubuntu 4.4.0-184.214-generic 4.4.223)
[    0.000000] Command line: BOOT_IMAGE=/boot/vmlinuz-4.4.0-184-generic root=LABEL=cloudimg-rootfs ro console=tty1 console=ttyS0
[    0.000000] KERNEL supported cpus:
[    0.000000]   Intel GenuineIntel
[    0.000000]   AMD AuthenticAMD
[    0.000000]   Centaur CentaurHauls
[    0.000000] x86/fpu: xstate_offset[2]:  576, xstate_sizes[2]:  256
[    0.000000] x86/fpu: Supporting XSAVE feature 0x01: 'x87 floating point registers'
[    0.000000] x86/fpu: Supporting XSAVE feature 0x02: 'SSE registers'
[    0.000000] x86/fpu: Supporting XSAVE feature 0x04: 'AVX registers'
[    0.000000] x86/fpu: Enabled xstate features 0x7, context size is 832 bytes, using 'standard' format.
[    0.000000] e820: BIOS-provided physical RAM map:
[    0.000000] BIOS-e820: [mem 0x0000000000000000-0x000000000009fbff] usable
[    0.000000] BIOS-e820: [mem 0x000000000009fc00-0x000000000009ffff] reserved
[    0.000000] BIOS-e820: [mem 0x00000000000f0000-0x00000000000fffff] reserved
[    0.000000] BIOS-e820: [mem 0x0000000000100000-0x000000001ffeffff] usable
[    0.000000] BIOS-e820: [mem 0x000000001fff0000-0x000000001fffffff] ACPI data
[    0.000000] BIOS-e820: [mem 0x00000000fec00000-0x00000000fec00fff] reserved
[    0.000000] BIOS-e820: [mem 0x00000000fee00000-0x00000000fee00fff] reserved
[    0.000000] BIOS-e820: [mem 0x00000000fffc0000-0x00000000ffffffff] reserved
[    0.000000] NX (Execute Disable) protection: active
[    0.000000] SMBIOS 2.5 present.
[    0.000000] Hypervisor detected: KVM
[    0.000000] e820: last_pfn = 0x1fff0 max_arch_pfn = 0x400000000
[    0.000000] MTRR: Disabled
[    0.000000] x86/PAT: MTRRs disabled, skipping PAT initialization too.
[    0.000000] CPU MTRRs all blank - virtualized system.
[    0.000000] x86/PAT: Configuration [0-7]: WB  WT  UC- UC  WB  WT  UC- UC  
[    0.000000] found SMP MP-table at [mem 0x0009fff0-0x0009ffff] mapped at [ffff88000009fff0]
[    0.000000] Scanning 1 areas for low memory corruption
[    0.000000] RAMDISK: [mem 0x1e886000-0x1f70ffff]
[    0.000000] ACPI: Early table checksum verification disabled
[    0.000000] ACPI: RSDP 0x00000000000E0000 000024 (v02 VBOX  )
[    0.000000] ACPI: XSDT 0x000000001FFF0030 00003C (v01 VBOX   VBOXXSDT 00000001 ASL  00000061)
[    0.000000] ACPI: FACP 0x000000001FFF00F0 0000F4 (v04 VBOX   VBOXFACP 00000001 ASL  00000061)
[    0.000000] ACPI: DSDT 0x000000001FFF0470 0022EA (v02 VBOX   VBOXBIOS 00000002 INTL 20100528)
[    0.000000] ACPI: FACS 0x000000001FFF0200 000040
[    0.000000] ACPI: FACS 0x000000001FFF0200 000040
[    0.000000] ACPI: APIC 0x000000001FFF0240 00005C (v02 VBOX   VBOXAPIC 00000001 ASL  00000061)
[    0.000000] ACPI: SSDT 0x000000001FFF02A0 0001CC (v01 VBOX   VBOXCPUT 00000002 INTL 20100528)
[    0.000000] No NUMA configuration found
[    0.000000] Faking a node at [mem 0x0000000000000000-0x000000001ffeffff]
[    0.000000] NODE_DATA(0) allocated [mem 0x1ffeb000-0x1ffeffff]
[    0.000000] kvm-clock: Using msrs 4b564d01 and 4b564d00
[    0.000000] kvm-clock: cpu 0, msr 0:1ffe3001, primary cpu clock
[    0.000000] kvm-clock: using sched offset of 3332785647 cycles
[    0.000000] clocksource: kvm-clock: mask: 0xffffffffffffffff max_cycles: 0x1cd42e4dffb, max_idle_ns: 881590591483 ns
[    0.000000] Zone ranges:
[    0.000000]   DMA      [mem 0x0000000000001000-0x0000000000ffffff]
[    0.000000]   DMA32    [mem 0x0000000001000000-0x000000001ffeffff]
[    0.000000]   Normal   empty
[    0.000000]   Device   empty
[    0.000000] Movable zone start for each node
[    0.000000] Early memory node ranges
[    0.000000]   node   0: [mem 0x0000000000001000-0x000000000009efff]
[    0.000000]   node   0: [mem 0x0000000000100000-0x000000001ffeffff]
[    0.000000] Initmem setup node 0 [mem 0x0000000000001000-0x000000001ffeffff]
[    0.000000] ACPI: PM-Timer IO Port: 0x4008
[    0.000000] IOAPIC[0]: apic_id 2, version 32, address 0xfec00000, GSI 0-23
[    0.000000] ACPI: INT_SRC_OVR (bus 0 bus_irq 0 global_irq 2 dfl dfl)
[    0.000000] ACPI: INT_SRC_OVR (bus 0 bus_irq 9 global_irq 9 low level)
[    0.000000] Using ACPI (MADT) for SMP configuration information
[    0.000000] smpboot: Allowing 2 CPUs, 0 hotplug CPUs
[    0.000000] PM: Registered nosave memory: [mem 0x00000000-0x00000fff]
[    0.000000] PM: Registered nosave memory: [mem 0x0009f000-0x0009ffff]
[    0.000000] PM: Registered nosave memory: [mem 0x000a0000-0x000effff]
[    0.000000] PM: Registered nosave memory: [mem 0x000f0000-0x000fffff]
[    0.000000] e820: [mem 0x20000000-0xfebfffff] available for PCI devices
[    0.000000] Booting paravirtualized kernel on KVM
[    0.000000] clocksource: refined-jiffies: mask: 0xffffffff max_cycles: 0xffffffff, max_idle_ns: 7645519600211568 ns
[    0.000000] setup_percpu: NR_CPUS:512 nr_cpumask_bits:512 nr_cpu_ids:2 nr_node_ids:1
[    0.000000] PERCPU: Embedded 33 pages/cpu @ffff88001fc00000 s95448 r8192 d31528 u1048576
[    0.000000] Built 1 zonelists in Node order, mobility grouping on.  Total pages: 128888
[    0.000000] Policy zone: DMA32
[    0.000000] Kernel command line: BOOT_IMAGE=/boot/vmlinuz-4.4.0-184-generic root=LABEL=cloudimg-rootfs ro console=tty1 console=ttyS0
[    0.000000] PID hash table entries: 2048 (order: 2, 16384 bytes)
[    0.000000] Memory: 481580K/523832K available (8632K kernel code, 1336K rwdata, 4036K rodata, 1492K init, 1292K bss, 42252K reserved, 0K cma-reserved)
[    0.000000] SLUB: HWalign=64, Order=0-3, MinObjects=0, CPUs=2, Nodes=1
[    0.000000] Kernel/User page tables isolation: enabled
[    0.000000] Hierarchical RCU implementation.
[    0.000000] 	Build-time adjustment of leaf fanout to 64.
[    0.000000] 	RCU restricting CPUs from NR_CPUS=512 to nr_cpu_ids=2.
[    0.000000] RCU: Adjusting geometry for rcu_fanout_leaf=64, nr_cpu_ids=2
[    0.000000] NR_IRQS:33024 nr_irqs:440 16
[    0.000000] Console: colour VGA+ 80x25
[    0.000000] console [tty1] enabled
[    0.000000] console [ttyS0] enabled
[    0.000000] tsc: Detected 2112.000 MHz processor
[    0.105318] Calibrating delay loop (skipped) preset value.. 4224.00 BogoMIPS (lpj=8448000)
[    0.106752] pid_max: default: 32768 minimum: 301
[    0.107695] ACPI: Core revision 20150930
[    0.109063] ACPI: 2 ACPI AML tables successfully acquired and loaded
[    0.110268] Security Framework initialized
[    0.110911] Yama: becoming mindful.
[    0.111489] AppArmor: AppArmor initialized
[    0.112247] Dentry cache hash table entries: 65536 (order: 7, 524288 bytes)
[    0.113296] Inode-cache hash table entries: 32768 (order: 6, 262144 bytes)
[    0.114307] Mount-cache hash table entries: 1024 (order: 1, 8192 bytes)
[    0.115265] Mountpoint-cache hash table entries: 1024 (order: 1, 8192 bytes)
[    0.116322] Initializing cgroup subsys io
[    0.116989] Initializing cgroup subsys memory
[    0.117662] Initializing cgroup subsys devices
[    0.118328] Initializing cgroup subsys freezer
[    0.119017] Initializing cgroup subsys net_cls
[    0.119664] Initializing cgroup subsys perf_event
[    0.120346] Initializing cgroup subsys net_prio
[    0.121098] Initializing cgroup subsys hugetlb
[    0.121797] Initializing cgroup subsys pids
[    0.123636] mce: CPU supports 0 MCE banks
[    0.124264] Last level iTLB entries: 4KB 64, 2MB 8, 4MB 8
[    0.125144] Last level dTLB entries: 4KB 64, 2MB 0, 4MB 0, 1GB 4
[    0.126058] Spectre V1 : Mitigation: usercopy/swapgs barriers and __user pointer sanitization
[    0.127283] Spectre V2 : Mitigation: Full generic retpoline
[    0.128116] Spectre V2 : Spectre v2 / SpectreRSB mitigation: Filling RSB on context switch
[    0.129421] Speculative Store Bypass: Vulnerable
[    0.130082] SRBDS: Unknown: Dependent on hypervisor status
[    0.130993] MDS: Mitigation: Clear CPU buffers
[    0.133996] Freeing SMP alternatives memory: 36K
[    0.139639] ftrace: allocating 32319 entries in 127 pages
[    0.186275] smpboot: APIC(0) Converting physical 0 to logical package 0
[    0.187266] smpboot: Max logical packages: 1
[    0.188153] x2apic enabled
[    0.188826] Switched APIC routing to physical x2apic.
[    0.190493] ..TIMER: vector=0x30 apic1=0 pin1=2 apic2=-1 pin2=-1
[   0.299467] smpboot: CPU0: Intel(R) Core(TM) i7-8650U CPU @ 1.90GHz (family: 0x6, model: 0x8e, stepping: 0xa)
[    0.340711] Performance Events: unsupported p6 CPU model 142 no PMU driver, software events only.
[    0.349015] KVM setup paravirtual spinlock
[    0.350226] x86: Booting SMP configuration:
[    0.350924] .... node  #0, CPUs:      #1
[    0.351813] kvm-clock: cpu 1, msr 0:1ffe3041, secondary cpu clock
[    0.353667] mce: CPU supports 0 MCE banks
[    0.356114] x86: Booted up 1 node, 2 CPUs
[    0.356992] smpboot: Total of 2 processors activated (8448.00 BogoMIPS)
[    0.360476] devtmpfs: initialized
[    0.362440] evm: security.selinux
[    0.363021] evm: security.SMACK64
[    0.363668] evm: security.SMACK64EXEC
[    0.364311] evm: security.SMACK64TRANSMUTE
[    0.364959] evm: security.SMACK64MMAP
[    0.365586] evm: security.ima
[    0.366146] evm: security.capability
[    0.366911] clocksource: jiffies: mask: 0xffffffff max_cycles: 0xffffffff, max_idle_ns: 7645041785100000 ns
[    0.368501] futex hash table entries: 512 (order: 3, 32768 bytes)
[    0.369599] pinctrl core: initialized pinctrl subsystem
[    0.370544] RTC time:  6:36:09, date: 06/25/20
[    0.371458] NET: Registered protocol family 16
[    0.384856] cpuidle: using governor ladder
[    0.395903] cpuidle: using governor menu
[    0.398751] PCCT header not found.
[    0.401522] ACPI: bus type PCI registered
[    0.404302] acpiphp: ACPI Hot Plug PCI Controller Driver version: 0.5
[    0.407602] PCI: Using configuration type 1 for base access
[    0.426929] ACPI: Added _OSI(Module Device)
[    0.429962] ACPI: Added _OSI(Processor Device)
[    0.432239] ACPI: Added _OSI(3.0 _SCP Extensions)
[    0.434563] ACPI: Added _OSI(Processor Aggregator Device)
[    0.437802] ACPI: Executed 1 blocks of module-level executable AML code
[    0.442991] ACPI: Interpreter enabled
[    0.444175] ACPI: (supports S0 S5)
[    0.445230] ACPI: Using IOAPIC for interrupt routing
[    0.446576] PCI: Using host bridge windows from ACPI; if necessary, use "pci=nocrs" and report a bug
[    0.452385] ACPI: PCI Root Bridge [PCI0] (domain 0000 [bus 00-ff])
[    0.453589] acpi PNP0A03:00: _OSC: OS supports [ASPM ClockPM Segments MSI]
[    0.455199] acpi PNP0A03:00: _OSC: not requesting OS control; OS requires [ExtendedConfig ASPM ClockPM MSI]
[    0.456871] acpi PNP0A03:00: fail to add MMCONFIG information, can't access extended PCI configuration space under this bridge.
[    0.458730] PCI host bridge to bus 0000:00
[    0.459435] pci_bus 0000:00: root bus resource [io  0x0000-0x0cf7 window]
[    0.460407] pci_bus 0000:00: root bus resource [io  0x0d00-0xffff window]
[    0.461460] pci_bus 0000:00: root bus resource [mem 0x000a0000-0x000bffff window]
[    0.462656] pci_bus 0000:00: root bus resource [mem 0x20000000-0xfdffffff window]
[    0.463892] pci_bus 0000:00: root bus resource [bus 00-ff]
[    0.466013] pci 0000:00:01.1: legacy IDE quirk: reg 0x10: [io  0x01f0-0x01f7]
[    0.467042] pci 0000:00:01.1: legacy IDE quirk: reg 0x14: [io  0x03f6]
[    0.468040] pci 0000:00:01.1: legacy IDE quirk: reg 0x18: [io  0x0170-0x0177]
[    0.476119] pci 0000:00:01.1: legacy IDE quirk: reg 0x1c: [io  0x0376]
[    0.484232] pci 0000:00:07.0: quirk: [io  0x4000-0x403f] claimed by PIIX4 ACPI
[    0.485529] pci 0000:00:07.0: quirk: [io  0x4100-0x410f] claimed by PIIX4 SMB
[    0.488831] ACPI: PCI Interrupt Link [LNKA] (IRQs 5 9 10 *11)
[    0.490263] ACPI: PCI Interrupt Link [LNKB] (IRQs 5 9 *10 11)
[    0.491638] ACPI: PCI Interrupt Link [LNKC] (IRQs 5 *9 10 11)
[    0.492921] ACPI: PCI Interrupt Link [LNKD] (IRQs 5 9 10 *11)
[    0.494022] ACPI: Enabled 2 GPEs in block 00 to 07
[    0.494930] vgaarb: setting as boot device: PCI:0000:00:02.0
[    0.495729] vgaarb: device added: PCI:0000:00:02.0,decodes=io+mem,owns=io+mem,locks=none
[    0.496981] vgaarb: loaded
[    0.497473] vgaarb: bridge control possible 0000:00:02.0
[    0.498373] SCSI subsystem initialized
[    0.499054] ACPI: bus type USB registered
[    0.499661] usbcore: registered new interface driver usbfs
[    0.500452] usbcore: registered new interface driver hub
[    0.501246] usbcore: registered new device driver usb
[    0.502182] PCI: Using ACPI for IRQ routing
[    0.503035] NetLabel: Initializing
[    0.503542] NetLabel:  domain hash size = 128
[    0.504231] NetLabel:  protocols = UNLABELED CIPSOv4
[    0.504936] NetLabel:  unlabeled traffic allowed by default
[    0.505762] amd_nb: Cannot enumerate AMD northbridges
[    0.506500] clocksource: Switched to clocksource kvm-clock
[    0.512620] AppArmor: AppArmor Filesystem Enabled
[    0.513427] pnp: PnP ACPI init
[    0.514567] pnp: PnP ACPI: found 3 devices
[    0.522978] clocksource: acpi_pm: mask: 0xffffff max_cycles: 0xffffff, max_idle_ns: 2085701024 ns
[    0.524360] NET: Registered protocol family 2
[    0.525132] TCP established hash table entries: 4096 (order: 3, 32768 bytes)
[    0.526228] TCP bind hash table entries: 4096 (order: 4, 65536 bytes)
[    0.527276] TCP: Hash tables configured (established 4096 bind 4096)
[    0.528185] UDP hash table entries: 256 (order: 1, 8192 bytes)
[    0.529069] UDP-Lite hash table entries: 256 (order: 1, 8192 bytes)
[    0.530029] NET: Registered protocol family 1
[    0.530904] pci 0000:00:00.0: Limiting direct PCI/PCI transfers
[    0.531833] pci 0000:00:01.0: Activating ISA DMA hang workarounds
[    0.535123] Unpacking initramfs...
[    0.714964] Freeing initrd memory: 14888K
[    0.715794] clocksource: tsc: mask: 0xffffffffffffffff max_cycles: 0x1e71785e5dd, max_idle_ns: 440795244814 ns
[    0.717348] platform rtc_cmos: registered platform RTC device (no PNP device found)
[    0.718701] Scanning for low memory corruption every 60 seconds
[    0.719949] audit: initializing netlink subsys (disabled)
[    0.720791] audit: type=2000 audit(1593066974.991:1): initialized
[    0.721835] Initialise system trusted keyring
[    0.722689] HugeTLB registered 2 MB page size, pre-allocated 0 pages
[    0.724566] zbud: loaded
[    0.725297] VFS: Disk quotas dquot_6.6.0
[    0.725977] VFS: Dquot-cache hash table entries: 512 (order 0, 4096 bytes)
[    0.727241] squashfs: version 4.0 (2009/01/31) Phillip Lougher
[    0.728331] fuse init (API version 7.23)
[    0.729108] Key type big_key registered
[    0.729759] Allocating IMA MOK and blacklist keyrings.
[    0.731607] Key type asymmetric registered
[    0.732259] Asymmetric key parser 'x509' registered
[    0.733023] Block layer SCSI generic (bsg) driver version 0.4 loaded (major 249)
[    0.734362] io scheduler noop registered
[    0.735120] io scheduler deadline registered (default)
[    0.735921] io scheduler cfq registered
[    0.736671] pci_hotplug: PCI Hot Plug PCI Core version: 0.5
[    0.737517] pciehp: PCI Express Hot Plug Controller Driver version: 0.4
[    0.738577] ACPI: AC Adapter [AC] (on-line)
[    0.739295] input: Power Button as /devices/LNXSYSTM:00/LNXPWRBN:00/input/input0
[    0.740479] ACPI: Power Button [PWRF]
[    0.741126] input: Sleep Button as /devices/LNXSYSTM:00/LNXSLPBN:00/input/input1
[    0.742335] ACPI: Sleep Button [SLPF]
[    0.743152] GHES: HEST is not enabled!
[    0.743650] ACPI: Battery Slot [BAT0] (battery present)
[    0.744727] Serial: 8250/16550 driver, 32 ports, IRQ sharing enabled
[    0.766052] 00:02: ttyS0 at I/O 0x3f8 (irq = 4, base_baud = 115200) is a 16550A
[    0.769313] Linux agpgart interface v0.103
[    0.771205] loop: module loaded
[    0.772211] scsi host0: ata_piix
[    0.772892] scsi host1: ata_piix
[    0.773509] ata1: PATA max UDMA/33 cmd 0x1f0 ctl 0x3f6 bmdma 0xd000 irq 14
[    0.774532] ata2: PATA max UDMA/33 cmd 0x170 ctl 0x376 bmdma 0xd008 irq 15
[    0.775642] libphy: Fixed MDIO Bus: probed
[    0.776423] tun: Universal TUN/TAP device driver, 1.6
[    0.777303] tun: (C) 1999-2004 Max Krasnyansky <maxk@qualcomm.com>
[    0.778338] PPP generic driver version 2.4.2
[    0.779226] ehci_hcd: USB 2.0 'Enhanced' Host Controller (EHCI) Driver
[    0.780153] ehci-pci: EHCI PCI platform driver
[    0.780865] ehci-platform: EHCI generic platform driver
[    0.781692] ohci_hcd: USB 1.1 'Open' Host Controller (OHCI) Driver
[    0.782620] ohci-pci: OHCI PCI platform driver
[    0.783412] ohci-platform: OHCI generic platform driver
[    0.784310] uhci_hcd: USB Universal Host Controller Interface driver
[    0.785292] i8042: PNP: PS/2 Controller [PNP0303:PS2K,PNP0f03:PS2M] at 0x60,0x64 irq 1,12
[    0.786946] serio: i8042 KBD port at 0x60,0x64 irq 1
[    0.787705] serio: i8042 AUX port at 0x60,0x64 irq 12
[    0.788695] mousedev: PS/2 mouse device common for all mice
[    0.789801] input: AT Translated Set 2 keyboard as /devices/platform/i8042/serio0/input/input2
[    0.791554] rtc_cmos rtc_cmos: rtc core: registered rtc_cmos as rtc0
[    0.792604] rtc_cmos rtc_cmos: alarms up to one day, 114 bytes nvram
[    0.793558] i2c /dev entries driver
[    0.794208] device-mapper: uevent: version 1.0.3
[    0.795149] device-mapper: ioctl: 4.34.0-ioctl (2015-10-28) initialised: dm-devel@redhat.com
[    0.796468] ledtrig-cpu: registered to indicate activity on CPUs
[    0.797683] NET: Registered protocol family 10
[    0.798573] NET: Registered protocol family 17
[    0.799381] Key type dns_resolver registered
[    0.800447] registered taskstats version 1
[    0.801143] Loading compiled-in X.509 certificates
[    0.802357] Loaded X.509 cert 'Build time autogenerated kernel key: b6ae09eed57f82583ccd3c65c463e852cdd7a0b5'
[    0.803957] zswap: loaded using pool lzo/zbud
[    0.805904] Key type trusted registered
[    0.808586] Key type encrypted registered
[    0.809256] AppArmor: AppArmor sha1 policy hashing enabled
[    0.810213] ima: No TPM chip found, activating TPM-bypass!
[    0.811246] ima: Allocated hash algorithm: sha1
[    0.812068] evm: HMAC attrs: 0x1
[    0.813009]   Magic number: 8:95:621
[    0.813813] rtc_cmos rtc_cmos: setting system clock to 2020-06-25 06:36:10 UTC (1593066970)
[    0.815496] BIOS EDD facility v0.16 2004-Jun-25, 0 devices found
[    0.816478] EDD information not available.
[    0.931971] Freeing unused kernel memory: 1492K
[    0.933111] Write protecting the kernel read-only data: 14336k
[    0.934918] Freeing unused kernel memory: 1596K
[    0.936241] Freeing unused kernel memory: 60K
Loading, please wait...
starting version 229
[    0.954802] random: systemd-udevd: uninitialized urandom read (16 bytes read, 3 bits of entropy available)
[    0.955453] random: udevadm: uninitialized urandom read (16 bytes read, 3 bits of entropy available)
[    0.955472] random: udevadm: uninitialized urandom read (16 bytes read, 3 bits of entropy available)
[    0.961246] random: systemd-udevd: uninitialized urandom read (16 bytes read, 3 bits of entropy available)
[    0.963192] random: systemd-udevd: uninitialized urandom read (16 bytes read, 3 bits of entropy available)
[    0.963531] random: udevadm: uninitialized urandom read (16 bytes read, 3 bits of entropy available)
[    0.963572] random: udevadm: uninitialized urandom read (16 bytes read, 3 bits of entropy available)
[    0.963698] random: udevadm: uninitialized urandom read (16 bytes read, 3 bits of entropy available)
[    0.963746] random: udevadm: uninitialized urandom read (16 bytes read, 3 bits of entropy available)
[    0.963814] random: udevadm: uninitialized urandom read (16 bytes read, 3 bits of entropy available)
[    1.005705] e1000: Intel(R) PRO/1000 Network Driver - version 7.3.21-k8-NAPI
[    1.007344] e1000: Copyright (c) 1999-2006 Intel Corporation.
[    1.012618] Fusion MPT base driver 3.04.20
[    1.013650] Copyright (c) 1999-2008 LSI Corporation
[    1.020903] Fusion MPT SPI Host driver 3.04.20
[    1.036776] AVX2 version of gcm_enc/dec engaged.
[    1.037879] AES CTR mode by8 optimization enabled
[    1.219489] input: ImExPS/2 Generic Explorer Mouse as /devices/platform/i8042/serio1/input/input4
[    1.369757] e1000 0000:00:03.0 eth0: (PCI:33MHz:32-bit) 02:fd:3e:94:53:22
[    1.371733] e1000 0000:00:03.0 eth0: Intel(R) PRO/1000 Network Connection
[    1.374486] mptbase: ioc0: Initiating bringup
[    1.375307] e1000 0000:00:03.0 enp0s3: renamed from eth0
[    1.443999] ioc0: LSI53C1030 A0: Capabilities={Initiator}
[    1.608584] scsi host2: ioc0: LSI53C1030 A0, FwRev=00000000h, Ports=1, MaxQ=256, IRQ=20
[    1.720336] scsi 2:0:0:0: Direct-Access     VBOX     HARDDISK         1.0  PQ: 0 ANSI: 5
[    1.727353] scsi target2:0:0: Beginning Domain Validation
[    1.737914] scsi target2:0:0: Domain Validation skipping write tests
[    1.741537] scsi target2:0:0: Ending Domain Validation
[    1.744457] scsi target2:0:0: asynchronous
[    1.747457] scsi 2:0:1:0: Direct-Access     VBOX     HARDDISK         1.0  PQ: 0 ANSI: 5
[    1.750293] scsi target2:0:1: Beginning Domain Validation
[    1.754702] scsi target2:0:1: Domain Validation skipping write tests
[    1.755902] scsi target2:0:1: Ending Domain Validation
[    1.763757] scsi target2:0:1: asynchronous
[    1.769677] sd 2:0:0:0: Attached scsi generic sg0 type 0
[    1.770487] sd 2:0:0:0: [sda] 20971520 512-byte logical blocks: (10.7 GB/10.0 GiB)
[    1.771826] sd 2:0:0:0: [sda] Write Protect is off
[    1.772633] sd 2:0:1:0: Attached scsi generic sg1 type 0
[    1.772641] sd 2:0:1:0: [sdb] 20480 512-byte logical blocks: (10.5 MB/10.0 MiB)
[    1.774834] sd 2:0:0:0: [sda] Incomplete mode parameter data
[    1.775633] sd 2:0:0:0: [sda] Assuming drive cache: write through
[    1.775674] sd 2:0:1:0: [sdb] Write Protect is off
[    1.777479] sd 2:0:1:0: [sdb] Incomplete mode parameter data
[    1.778555] sd 2:0:1:0: [sdb] Assuming drive cache: write through
[    1.778705]  sda: sda1
[    1.780736] sd 2:0:0:0: [sda] Attached SCSI disk
[    1.783311] sd 2:0:1:0: [sdb] Attached SCSI disk
Begin: Loading essential drivers ... [    3.041713] md: linear personality registered for level -1
[    3.044523] md: multipath personality registered for level -4
[    3.047448] md: raid0 personality registered for level 0
[    3.052402] md: raid1 personality registered for level 1
[    3.123179] raid6: sse2x1   gen() 14065 MB/s
[    3.190539] raid6: sse2x1   xor()  7794 MB/s
[    3.259005] raid6: sse2x2   gen() 16979 MB/s
[    3.327320] raid6: sse2x2   xor() 11852 MB/s
[    3.394664] raid6: sse2x4   gen() 19595 MB/s
[    3.462993] raid6: sse2x4   xor() 12729 MB/s
[    3.531308] raid6: avx2x1   gen() 27754 MB/s
[    3.598663] raid6: avx2x2   gen() 30958 MB/s
[    3.666985] raid6: avx2x4   gen() 33924 MB/s
[    3.667783] raid6: using algorithm avx2x4 gen() 33924 MB/s
[    3.668658] raid6: using avx2x2 recovery algorithm
[    3.670682] xor: automatically using best checksumming function:
[    3.710541]    avx       : 32352.000 MB/sec
[    3.712272] async_tx: api initialized (async)
[    3.720221] md: raid6 personality registered for level 6
[    3.721121] md: raid5 personality registered for level 5
[    3.721956] md: raid4 personality registered for level 4
[    3.728216] md: raid10 personality registered for level 10
done.
Begin: Running /scripts/init-premount ... done.
Begin: Mounting root file system ... Begin: Running /scripts/local-top ... done.
Begin: Running /scripts/local-premount ... [    3.751211] Btrfs loaded
Scanning for Btrfs filesystems
done.
Warning: fsck not present, so skipping root file system
[    3.804086] EXT4-fs (sda1): mounted filesystem with ordered data mode. Opts: (null)
done.
Begin: Running /scripts/local-bottom ... done.
Begin: Running /scripts/init-bottom ... done.
[    3.881562] systemd[1]: systemd 229 running in system mode. (+PAM +AUDIT +SELINUX +IMA +APPARMOR +SMACK +SYSVINIT +UTMP +LIBCRYPTSETUP +GCRYPT +GNUTLS +ACL +XZ -LZ4 +SECCOMP +BLKID +ELFUTILS +KMOD -IDN)
[    3.884070] systemd[1]: Detected virtualization oracle.
[    3.884822] systemd[1]: Detected architecture x86-64.

Welcome to [1mUbuntu 16.04.6 LTS[0m!

[    3.888557] systemd[1]: Set hostname to <ubuntu-xenial>.
[    4.015767] systemd[1]: Set up automount Arbitrary Executable File Formats File System Automount Point.
[[0;32m  OK  [0m] Set up automount Arbitrary Executab...ats File System Automount Point.
[    4.018159] systemd[1]: Listening on Journal Audit Socket.
[[0;32m  OK  [0m] Listening on Journal Audit Socket.
[    4.019676] systemd[1]: Listening on LVM2 metadata daemon socket.
[[0;32m  OK  [0m] Listening on LVM2 metadata daemon socket.
[    4.021151] systemd[1]: Listening on /dev/initctl Compatibility Named Pipe.
[[0;32m  OK  [0m] Listening on /dev/initctl Compatibility Named Pipe.
[    4.022807] systemd[1]: Listening on LVM2 poll daemon socket.
[[0;32m  OK  [0m] Listening on LVM2 poll daemon socket.
[    4.024286] systemd[1]: Listening on Device-mapper event daemon FIFOs.
[[0;32m  OK  [0m] Listening on Device-mapper event daemon FIFOs.
[    4.025829] systemd[1]: Listening on udev Kernel Socket.
[[0;32m  OK  [0m] Listening on udev Kernel Socket.
[    4.027225] systemd[1]: Started Forward Password Requests to Wall Directory Watch.
[[0;32m  OK  [0m] Started Forward Password Requests to Wall Directory Watch.
[    4.029300] systemd[1]: Created slice System Slice.
[[0;32m  OK  [0m] Created slice System Slice.
[    4.030601] systemd[1]: Reached target Encrypted Volumes.
[[0;32m  OK  [0m] Reached target Encrypted Volumes.
[    4.032110] systemd[1]: Reached target Swap.
[[0;32m  OK  [0m] Reached target Swap.
[    4.033444] systemd[1]: Listening on Journal Socket.
[[0;32m  OK  [0m] Listening on Journal Socket.
[    4.047437] systemd[1]: Starting Set console keymap...
         Starting Set console keymap...
[    4.056225] systemd[1]: Starting Remount Root and Kernel File Systems...
         Starting Remount Root and Kernel File Systems...
[    4.058436] systemd[1]: Created slice system-serial\x2dgetty.slice.
[[0;32m  OK  [0m] Created slice system-serial\x2dgetty.slice.
[    4.061393] systemd[1]: Mounting POSIX Message Queue File System...
    4.062468] EXT4-fs (sda1): re-mounted. Opts: (null)
         Mounting POSIX Message Queue File System...
[    4.064874] systemd[1]: Mounting Debug File System...
         Mounting Debug File System...
[    4.067230] systemd[1]: Starting Monitoring of LVM2 mirrors, snapshots etc. using dmeventd or progress polling...
         Starting Monitoring of LVM2 mirrors... dmeventd or progress polling...
[    4.070478] systemd[1]: Listening on udev Control Socket.
[[0;32m  OK  [0m] Listening on udev Control Socket.
[    4.072917] systemd[1]: Starting Create list of required static device nodes for the current kernel...
         Starting Create list of required st... nodes for the current kernel...
[    4.075239] systemd[1]: Listening on Syslog Socket.
[[0;32m  OK  [0m] Listening on Syslog Socket.
[    4.076943] systemd[1]: Reached target System Time Synchronized.
[[0;32m  OK  [0m] Reached target System Time Synchronized.
[    4.080093] systemd[1]: Created slice User and Session Slice.
[[0;32m  OK  [0m] Created slice User and Session Slice.
[    4.081859] systemd[1]: Reached target Slices.
[[0;32m  OK  [0m] Reached target Slices.
[    4.084485] systemd[1]: Started Trigger resolvconf update for networkd DNS.
[[0;32m  OK  [0m] Started Trigger resolvconf update for networkd DNS.
[    4.089208] systemd[1]: Starting Nameserver information manager...
         Starting Nameserver information manager...
[    4.091465] systemd[1]: Starting Uncomplicated firewall...
         Starting Uncomplicated firewall...
[    4.093697] systemd[1]: Mounting Huge Pages File System...
         Mounting Huge Pages File System...
[    4.095363] systemd[1]: Listening on Journal Socket (/dev/log).
[[0;32m  OK  [0m] Listening on Journal Socket (/dev/log).
[    4.097449] systemd[1]: Starting Journal Service...
         Starting Journal Service...
[    4.100788] systemd[1]: Starting Load Kernel Modules...
         Starting Load Kernel Modules...
[    4.102706] systemd[1]: Reached target User and Group Name Lookups.
[[0;32m  OK  [0m] Reached target User and Group Name Lookups.
[    4.106134] systemd[1]: Mounted Debug File System.
[[0;32m  OK  [0m] Mounted Debug File System.
[    4.107998] systemd[1]: Mounted Huge Pages File System.
[    4.108063] Loading iSCSI transport class v2.0-870.
[[0;32m  OK  [0m] Mounted Huge Pages File System.
[    4.113002] systemd[1]: Mounted POSIX Message Queue File System.
[[0;32m  OK  [0m] Mounted POSIX Message Queue File System.
[    4.115056] systemd[1]: Started Set console keymap.
[[0;32m  OK  [0m] Started Set console keymap.
[    4.120701] iscsi: registered transport (tcp)
[    4.123241] systemd[1]: Started Remount Root and Kernel File Systems.
[[0;32m  OK  [0m] Started Remount Root and Kernel File Systems.
[    4.125925] systemd[1]: Started Create list of required static device nodes for the current kernel.
[[0;32m  OK  [0m] Started Create list of required sta...ce nodes for the current kernel.
[    4.147308] iscsi: registered transport (iser)
[    4.151957] systemd[1]: Started Uncomplicated firewall.
[[0;32m  OK  [0m] Started Uncomplicated firewall.
[    4.163115] systemd[1]: Started Load Kernel Modules.
[[0;32m  OK  [0m] Started Load Kernel Modules.
[    4.164761] systemd[1]: Started Nameserver information manager.
[[0;32m  OK  [0m] Started Nameserver information manager.
[    4.168337] systemd[1]: Started Journal Service.
[[0;32m  OK  [0m] Started Journal Service.
[[0;32m  OK  [0m] Started LVM2 metadata daemon.
         Mounting FUSE Control File System...
         Starting Apply Kernel Variables...
         Starting Create Static Device Nodes in /dev...
         Starting Load/Save Random Seed...
         Starting udev Coldplug all Devices...
         Starting Flush Journal to Persistent Storage...
[[0;32m  OK  [0m] Mounted FUSE Control File System.
[[0;32m  OK  [0m] Started Apply Kernel Variables.
[[0;32m  OK  [0m] Started Load/Save Random Seed.
[[0;32m  OK  [0m] Started Flush Journal to Persistent Storage.
[[0;32m  OK  [0m] Started Create Static Device Nodes in /dev.
         Starting udev Kernel Device Manager...
[[0;32m  OK  [0m] Started udev Kernel Device Manager.
[[0;32m  OK  [0m] Started udev Coldplug all Devices.
[[0;32m  OK  [0m] Started Dispatch Password Requests to Console Directory Watch.
[[0;32m  OK  [0m] Found device /dev/ttyS0.
[[0;32m  OK  [0m] Listening on Load/Save RF Kill Switch Status /dev/rfkill Watch.
[[0;32m  OK  [0m] Found device 82540EM Gigabit Ethern...r (PRO/1000 MT Desktop Adapter).
[[0;32m  OK  [0m] Started Monitoring of LVM2 mirrors,...ng dmeventd or progress polling.
[[0;32m  OK  [0m] Reached target Local File Systems (Pre).
[[0;32m  OK  [0m] Reached target Local File Systems.
         Starting LSB: AppArmor initialization...
         Starting Create Volatile Files and Directories...
         Starting Initial cloud-init job (pre-networking)...
         Starting Set console font and keymap...
         Starting Tell Plymouth To Write Out Runtime Data...
[[0;32m  OK  [0m] Started Create Volatile Files and Directories.
[[0;32m  OK  [0m] Started Tell Plymouth To Write Out Runtime Data.
         Starting Update UTMP about System Boot/Shutdown...
[[0;32m  OK  [0m] Started Update UTMP about System Boot/Shutdown.
[[0;32m  OK  [0m] Started LSB: AppArmor initialization.
[[0;32m  OK  [0m] Started Set console font and keymap.
[[0;32m  OK  [0m] Created slice system-getty.slice.
[    5.299068] cloud-init[616]: Cloud-init v. 19.4-33-gbb4131a2-0ubuntu1~16.04.1 running 'init-local' at Thu, 25 Jun 2020 06:36:14 +0000. Up 5.09 seconds.
[[0;32m  OK  [0m] Started Initial cloud-init job (pre-networking).
[[0;32m  OK  [0m] Reached target Network (Pre).
[[0;32m  OK  [0m] Started ifup for enp0s3.
         Starting Raise network interfaces...
[[0;32m  OK  [0m] Started Raise network interfaces.
         Starting Initial cloud-init job (metadata service crawler)...
[[0;32m  OK  [0m] Reached target Network.
[    5.853325] cloud-init[974]: Cloud-init v. 19.4-33-gbb4131a2-0ubuntu1~16.04.1 running 'init' at Thu, 25 Jun 2020 06:36:15 +0000. Up 5.67 seconds.
[    5.854662] cloud-init[974]: ci-info: ++++++++++++++++++++++++++++++++++++++Net device info++++++++++++++++++++++++++++++++++++++
[    5.855928] cloud-init[974]: ci-info: +--------+------+----------------------------+---------------+--------+-------------------+
[    5.857127] cloud-init[974]: ci-info: | Device |  Up  |          Address           |      Mask     | Scope  |     Hw-Address    |
[    5.858279] cloud-init[974]: ci-info: +--------+------+----------------------------+---------------+--------+-------------------+
[    5.859406] cloud-init[974]: ci-info: | enp0s3 | True |         10.0.2.15          | 255.255.255.0 | global | 02:fd:3e:94:53:22 |
[    5.864739] cloud-init[974]: ci-info: | enp0s3 | True | fe80::fd:3eff:fe94:5322/64 |       .       |  link  | 02:fd:3e:94:53:22 |
[    5.865736] cloud-init[974]: ci-info: |   lo   | True |         127.0.0.1          |   255.0.0.0   |  host  |         .         |
[    5.866811] cloud-init[974]: ci-info: |   lo   | True |          ::1/128           |       .       |  host  |         .         |
[    5.868064] cloud-init[974]: ci-info: +--------+------+----------------------------+---------------+--------+-------------------+
[    5.869451] cloud-init[974]: ci-info: +++++++++++++++++++++++++++Route IPv4 info++++++++++++++++++++++++++++
[    5.870596] cloud-init[974]: ci-info: +-------+-------------+----------+---------------+-----------+-------+
[    5.871743] cloud-init[974]: ci-info: | Route | Destination | Gateway  |    Genmask    | Interface | Flags |
[    5.872882] cloud-init[974]: ci-info: +-------+-------------+----------+---------------+-----------+-------+
[    5.874026] cloud-init[974]: ci-info: |   0   |   0.0.0.0   | 10.0.2.2 |    0.0.0.0    |   enp0s3  |   UG  |
[    5.875161] cloud-init[974]: ci-info: |   1   |   10.0.2.0  | 0.0.0.0  | 255.255.255.0 |   enp0s3  |   U   |
[    5.876355] cloud-init[974]: ci-info: +-------+-------------+----------+---------------+-----------+-------+
[    5.877514] cloud-init[974]: ci-info: +++++++++++++++++++Route IPv6 info+++++++++++++++++++
[    5.878515] cloud-init[974]: ci-info: +-------+-------------+---------+-----------+-------+
[    5.879521] cloud-init[974]: ci-info: | Route | Destination | Gateway | Interface | Flags |
[    5.880531] cloud-init[974]: ci-info: +-------+-------------+---------+-----------+-------+
[    5.881540] cloud-init[974]: ci-info: |   0   |  fe80::/64  |    ::   |   enp0s3  |   U   |
[    5.889189] cloud-init[974]: ci-info: |   3   |   ff00::/8  |    ::   |   enp0s3  |   U   |
[    5.897041] cloud-init[974]: ci-info: +-------+-------------+---------+-----------+-------+
[[0;32m  OK  [0m] Started Initial cloud-init job (metadata service crawler).
[[0;32m  OK  [0m] Reached target Cloud-config availability.
[[0;32m  OK  [0m] Reached target Network is Online.
         Starting iSCSI initiator daemon (iscsid)...
[[0;32m  OK  [0m] Reached target System Initialization.
         Starting LXD - unix socket.
[[0;32m  OK  [0m] Started ACPI Events Check.
[[0;32m  OK  [0m] Reached target Paths.
[[0;32m  OK  [0m] Started Daily apt download activities.
[[0;32m  OK  [0m] Started Daily apt upgrade and clean activities.
[[0;32m  OK  [0m] Started Daily Cleanup of Temporary Directories.
[[0;32m  OK  [0m] Listening on D-Bus System Message Bus Socket.
         Starting Socket activation for snappy daemon.
[[0;32m  OK  [0m] Started Message of the Day.
[[0;32m  OK  [0m] Reached target Timers.
[[0;32m  OK  [0m] Listening on ACPID Listen Socket.
[[0;32m  OK  [0m] Listening on UUID daemon activation socket.
[[0;32m  OK  [0m] Listening on LXD - unix socket.
[[0;32m  OK  [0m] Listening on Socket activation for snappy daemon.
[[0;32m  OK  [0m] Reached target Sockets.
[[0;32m  OK  [0m] Reached target Basic System.
[[0;32m  OK  [0m] Started Deferred execution scheduler.
[[0;32m  OK  [0m] Started FUSE filesystem for LXC.
         Starting Accounts Service...
         Starting LSB: MD monitoring daemon...
         Starting Login Service...
         Starting /etc/rc.local Compatibility...
         Starting LSB: Record successful boot for GRUB...
         Starting Virtualbox guest utils...
         Starting Message of the Day...
         Starting System Logging Service...
[[0;32m  OK  [0m] Started ACPI event daemon.
[[0;32m  OK  [0m] Started D-Bus System Message Bus.
[[0;32m  OK  [0m] Started Regular background program processing daemon.
         Starting LXD - container startup/shutdown...
         Starting Snappy daemon...
         Starting OpenBSD Secure Shell server...
[[0;32m  OK  [0m] Started System Logging Service.
[[0;32m  OK  [0m] Started iSCSI initiator daemon (iscsid).
[[0;32m  OK  [0m] Started /etc/rc.local Compatibility.
         Starting Authenticate and Authorize Users to Run Privileged Tasks...
         Starting Login to default iSCSI targets...
[[0;32m  OK  [0m] Started Login Service.
[[0;32m  OK  [0m] Started LSB: Record successful boot for GRUB.
[[0;32m  OK  [0m] Started Unattended Upgrades Shutdown.
[[0;32m  OK  [0m] Started LSB: MD monitoring daemon.
[[0;32m  OK  [0m] Started Login to default iSCSI targets.
[[0;32m  OK  [0m] Started OpenBSD Secure Shell server.
[[0;32m  OK  [0m] Reached target Remote File Systems (Pre).
[[0;32m  OK  [0m] Reached target Remote File Systems.
         Starting LSB: daemon to balance interrupts for SMP systems...
         Starting LSB: Apache2 web server...
         Starting LSB: Set the CPU Frequency Scaling governor to "ondemand"...
         Starting Permit User Sessions...
         Starting LSB: automatic crash report generation...
[[0;32m  OK  [0m] Started Permit User Sessions.
         Starting Hold until boot process finishes up...
         Starting Terminate Plymouth Boot Screen...
[[0;32m  OK  [0m] Started Hold until boot process finishes up.
[[0;32m  OK  [0m] Started Getty on tty1.
         Starting Set console scheme...
[[0;32m  OK  [0m] Started Serial Getty on ttyS0.
[[0;32m  OK  [0m] Reached target Login Prompts.
[[0;32m  OK  [0m] Started Terminate Plymouth Boot Screen.
[[0;32m  OK  [0m] Started Set console scheme.
[[0;32m  OK  [0m] Started Authenticate and Authorize Users to Run Privileged Tasks.
[[0;32m  OK  [0m] Started Accounts Service.
[[0;32m  OK  [0m] Started LSB: daemon to balance interrupts for SMP systems.
[[0;32m  OK  [0m] Started LSB: automatic crash report generation.
[[0;32m  OK  [0m] Started LSB: Set the CPU Frequency Scaling governor to "ondemand".
[[0;32m  OK  [0m] Started LXD - container startup/shutdown.
[[0;32m  OK  [0m] Started Virtualbox guest utils.
[[0;32m  OK  [0m] Started Snappy daemon.
         Starting Wait until snapd is fully seeded...
[[0;32m  OK  [0m] Started Wait until snapd is fully seeded.
         Starting Apply the settings specified in cloud-config...
[    6.862959] cloud-init[1276]: Cloud-init v. 19.4-33-gbb4131a2-0ubuntu1~16.04.1 running 'modules:config' at Thu, 25 Jun 2020 06:36:16 +0000. Up 6.76 seconds.
[[0;32m  OK  [0m] Started Apply the settings specified in cloud-config.
[[0;32m  OK  [0m] Started Message of the Day.
[[0;32m  OK  [0m] Started LSB: Apache2 web server.
[[0;32m  OK  [0m] Reached target Multi-User System.
[[0;32m  OK  [0m] Reached target Graphical Interface.
         Starting Update UTMP about System Runlevel Changes...
         Starting Execute cloud user/final scripts...
[[0;32m  OK  [0m] Started Update UTMP about System Runlevel Changes.
[    7.831946] cloud-init[1364]: Cloud-init v. 19.4-33-gbb4131a2-0ubuntu1~16.04.1 running 'modules:final' at Thu, 25 Jun 2020 06:36:17 +0000. Up 7.73 seconds.
[    7.833401] cloud-init[1364]: Cloud-init v. 19.4-33-gbb4131a2-0ubuntu1~16.04.1 finished at Thu, 25 Jun 2020 06:36:17 +0000. Datasource DataSourceNoCloud [seed=/dev/sdb][dsmode=net].  Up 7.82 seconds
[[0;32m  OK  [0m] Started Execute cloud user/final scripts.
[[0;32m  OK  [0m] Reached target Cloud-init target.
         Starting Daily apt download activities...

Ubuntu 16.04.6 LTS ubuntu-xenial ttyS0

ubuntu-xenial login: 